                                      1 ;--------------------------------------------------------
                                      2 ; File Created by SDCC : free open source ANSI-C Compiler
                                      3 ; Version 4.0.7 #12016 (MINGW64)
                                      4 ;--------------------------------------------------------
                                      5 	.module main
                                      6 	.optsdcc -mgbz80
                                      7 	
                                      8 ;--------------------------------------------------------
                                      9 ; Public variables in this module
                                     10 ;--------------------------------------------------------
                                     11 	.globl _main
                                     12 	.globl _defaultSpriteStruct
                                     13 	.globl _tumblingBarrels
                                     14 	.globl _set_bkg_tiles
                                     15 	.globl _set_bkg_data
                                     16 	.globl _wait_vbl_done
                                     17 	.globl _trackSprites
                                     18 	.globl _trackMap
                                     19 ;--------------------------------------------------------
                                     20 ; special function registers
                                     21 ;--------------------------------------------------------
                                     22 ;--------------------------------------------------------
                                     23 ; ram data
                                     24 ;--------------------------------------------------------
                                     25 	.area _DATA
                           000000    26 G$trackMap$0_0$0==.
      000000                         27 _trackMap::
      000000                         28 	.ds 380
                           00017C    29 G$trackSprites$0_0$0==.
      00017C                         30 _trackSprites::
      00017C                         31 	.ds 240
                                     32 ;--------------------------------------------------------
                                     33 ; absolute external ram data
                                     34 ;--------------------------------------------------------
                                     35 	.area _DABS (ABS)
                                     36 ;--------------------------------------------------------
                                     37 ; global & static initialisations
                                     38 ;--------------------------------------------------------
                                     39 	.area _HOME
                                     40 	.area _GSINIT
                                     41 	.area _GSFINAL
                                     42 	.area _GSINIT
                           000000    43 	C$trackMB.c$25$1_0$98	= .
                                     44 	.globl	C$trackMB.c$25$1_0$98
                                     45 ;trackMB.c:25: unsigned char trackMap[] =
      000000 21r00r00                46 	ld	hl, #_trackMap
      000003 36 04                   47 	ld	(hl), #0x04
      000005 21r01r00                48 	ld	hl, #(_trackMap + 0x0001)
      000008 36 01                   49 	ld	(hl), #0x01
      00000A 21r02r00                50 	ld	hl, #(_trackMap + 0x0002)
      00000D 36 01                   51 	ld	(hl), #0x01
      00000F 21r03r00                52 	ld	hl, #(_trackMap + 0x0003)
      000012 36 01                   53 	ld	(hl), #0x01
      000014 21r04r00                54 	ld	hl, #(_trackMap + 0x0004)
      000017 36 01                   55 	ld	(hl), #0x01
      000019 21r05r00                56 	ld	hl, #(_trackMap + 0x0005)
      00001C 36 01                   57 	ld	(hl), #0x01
      00001E 21r06r00                58 	ld	hl, #(_trackMap + 0x0006)
      000021 36 01                   59 	ld	(hl), #0x01
      000023 21r07r00                60 	ld	hl, #(_trackMap + 0x0007)
      000026 36 01                   61 	ld	(hl), #0x01
      000028 21r08r00                62 	ld	hl, #(_trackMap + 0x0008)
      00002B 36 01                   63 	ld	(hl), #0x01
      00002D 21r09r00                64 	ld	hl, #(_trackMap + 0x0009)
      000030 36 01                   65 	ld	(hl), #0x01
      000032 21r0Ar00                66 	ld	hl, #(_trackMap + 0x000a)
      000035 36 01                   67 	ld	(hl), #0x01
      000037 21r0Br00                68 	ld	hl, #(_trackMap + 0x000b)
      00003A 36 01                   69 	ld	(hl), #0x01
      00003C 21r0Cr00                70 	ld	hl, #(_trackMap + 0x000c)
      00003F 36 01                   71 	ld	(hl), #0x01
      000041 21r0Dr00                72 	ld	hl, #(_trackMap + 0x000d)
      000044 36 01                   73 	ld	(hl), #0x01
      000046 21r0Er00                74 	ld	hl, #(_trackMap + 0x000e)
      000049 36 01                   75 	ld	(hl), #0x01
      00004B 21r0Fr00                76 	ld	hl, #(_trackMap + 0x000f)
      00004E 36 01                   77 	ld	(hl), #0x01
      000050 21r10r00                78 	ld	hl, #(_trackMap + 0x0010)
      000053 36 01                   79 	ld	(hl), #0x01
      000055 21r11r00                80 	ld	hl, #(_trackMap + 0x0011)
      000058 36 01                   81 	ld	(hl), #0x01
      00005A 21r12r00                82 	ld	hl, #(_trackMap + 0x0012)
      00005D 36 01                   83 	ld	(hl), #0x01
      00005F 21r13r00                84 	ld	hl, #(_trackMap + 0x0013)
      000062 36 05                   85 	ld	(hl), #0x05
      000064 21r14r00                86 	ld	hl, #(_trackMap + 0x0014)
      000067 36 03                   87 	ld	(hl), #0x03
      000069 21r15r00                88 	ld	hl, #(_trackMap + 0x0015)
      00006C 36 0C                   89 	ld	(hl), #0x0c
      00006E 21r16r00                90 	ld	hl, #(_trackMap + 0x0016)
      000071 36 0C                   91 	ld	(hl), #0x0c
      000073 21r17r00                92 	ld	hl, #(_trackMap + 0x0017)
      000076 36 0C                   93 	ld	(hl), #0x0c
      000078 21r18r00                94 	ld	hl, #(_trackMap + 0x0018)
      00007B 36 0C                   95 	ld	(hl), #0x0c
      00007D 21r19r00                96 	ld	hl, #(_trackMap + 0x0019)
      000080 36 0C                   97 	ld	(hl), #0x0c
      000082 21r1Ar00                98 	ld	hl, #(_trackMap + 0x001a)
      000085 36 0C                   99 	ld	(hl), #0x0c
      000087 21r1Br00               100 	ld	hl, #(_trackMap + 0x001b)
      00008A 36 0C                  101 	ld	(hl), #0x0c
      00008C 21r1Cr00               102 	ld	hl, #(_trackMap + 0x001c)
      00008F 36 0C                  103 	ld	(hl), #0x0c
      000091 21r1Dr00               104 	ld	hl, #(_trackMap + 0x001d)
      000094 36 0C                  105 	ld	(hl), #0x0c
      000096 21r1Er00               106 	ld	hl, #(_trackMap + 0x001e)
      000099 36 0C                  107 	ld	(hl), #0x0c
      00009B 21r1Fr00               108 	ld	hl, #(_trackMap + 0x001f)
      00009E 36 0C                  109 	ld	(hl), #0x0c
      0000A0 21r20r00               110 	ld	hl, #(_trackMap + 0x0020)
      0000A3 36 0C                  111 	ld	(hl), #0x0c
      0000A5 21r21r00               112 	ld	hl, #(_trackMap + 0x0021)
      0000A8 36 0C                  113 	ld	(hl), #0x0c
      0000AA 21r22r00               114 	ld	hl, #(_trackMap + 0x0022)
      0000AD 36 0C                  115 	ld	(hl), #0x0c
      0000AF 21r23r00               116 	ld	hl, #(_trackMap + 0x0023)
      0000B2 36 0C                  117 	ld	(hl), #0x0c
      0000B4 21r24r00               118 	ld	hl, #(_trackMap + 0x0024)
      0000B7 36 0C                  119 	ld	(hl), #0x0c
      0000B9 21r25r00               120 	ld	hl, #(_trackMap + 0x0025)
      0000BC 36 0C                  121 	ld	(hl), #0x0c
      0000BE 21r26r00               122 	ld	hl, #(_trackMap + 0x0026)
      0000C1 36 0C                  123 	ld	(hl), #0x0c
      0000C3 21r27r00               124 	ld	hl, #(_trackMap + 0x0027)
      0000C6 36 03                  125 	ld	(hl), #0x03
      0000C8 21r28r00               126 	ld	hl, #(_trackMap + 0x0028)
      0000CB 36 03                  127 	ld	(hl), #0x03
      0000CD 21r29r00               128 	ld	hl, #(_trackMap + 0x0029)
      0000D0 36 0C                  129 	ld	(hl), #0x0c
      0000D2 21r2Ar00               130 	ld	hl, #(_trackMap + 0x002a)
      0000D5 36 0C                  131 	ld	(hl), #0x0c
      0000D7 21r2Br00               132 	ld	hl, #(_trackMap + 0x002b)
      0000DA 36 0C                  133 	ld	(hl), #0x0c
      0000DC 21r2Cr00               134 	ld	hl, #(_trackMap + 0x002c)
      0000DF 36 0C                  135 	ld	(hl), #0x0c
      0000E1 21r2Dr00               136 	ld	hl, #(_trackMap + 0x002d)
      0000E4 36 0C                  137 	ld	(hl), #0x0c
      0000E6 21r2Er00               138 	ld	hl, #(_trackMap + 0x002e)
      0000E9 36 0C                  139 	ld	(hl), #0x0c
      0000EB 21r2Fr00               140 	ld	hl, #(_trackMap + 0x002f)
      0000EE 36 0C                  141 	ld	(hl), #0x0c
      0000F0 21r30r00               142 	ld	hl, #(_trackMap + 0x0030)
      0000F3 36 0C                  143 	ld	(hl), #0x0c
      0000F5 21r31r00               144 	ld	hl, #(_trackMap + 0x0031)
      0000F8 36 0C                  145 	ld	(hl), #0x0c
      0000FA 21r32r00               146 	ld	hl, #(_trackMap + 0x0032)
      0000FD 36 0C                  147 	ld	(hl), #0x0c
      0000FF 21r33r00               148 	ld	hl, #(_trackMap + 0x0033)
      000102 36 0C                  149 	ld	(hl), #0x0c
      000104 21r34r00               150 	ld	hl, #(_trackMap + 0x0034)
      000107 36 0C                  151 	ld	(hl), #0x0c
      000109 21r35r00               152 	ld	hl, #(_trackMap + 0x0035)
      00010C 36 0C                  153 	ld	(hl), #0x0c
      00010E 21r36r00               154 	ld	hl, #(_trackMap + 0x0036)
      000111 36 0C                  155 	ld	(hl), #0x0c
      000113 21r37r00               156 	ld	hl, #(_trackMap + 0x0037)
      000116 36 0C                  157 	ld	(hl), #0x0c
      000118 21r38r00               158 	ld	hl, #(_trackMap + 0x0038)
      00011B 36 0C                  159 	ld	(hl), #0x0c
      00011D 21r39r00               160 	ld	hl, #(_trackMap + 0x0039)
      000120 36 0C                  161 	ld	(hl), #0x0c
      000122 21r3Ar00               162 	ld	hl, #(_trackMap + 0x003a)
      000125 36 0C                  163 	ld	(hl), #0x0c
      000127 21r3Br00               164 	ld	hl, #(_trackMap + 0x003b)
      00012A 36 03                  165 	ld	(hl), #0x03
      00012C 21r3Cr00               166 	ld	hl, #(_trackMap + 0x003c)
      00012F 36 03                  167 	ld	(hl), #0x03
      000131 21r3Dr00               168 	ld	hl, #(_trackMap + 0x003d)
      000134 36 0C                  169 	ld	(hl), #0x0c
      000136 21r3Er00               170 	ld	hl, #(_trackMap + 0x003e)
      000139 36 0C                  171 	ld	(hl), #0x0c
      00013B 21r3Fr00               172 	ld	hl, #(_trackMap + 0x003f)
      00013E 36 0C                  173 	ld	(hl), #0x0c
      000140 21r40r00               174 	ld	hl, #(_trackMap + 0x0040)
      000143 36 0C                  175 	ld	(hl), #0x0c
      000145 21r41r00               176 	ld	hl, #(_trackMap + 0x0041)
      000148 36 0C                  177 	ld	(hl), #0x0c
      00014A 21r42r00               178 	ld	hl, #(_trackMap + 0x0042)
      00014D 36 0C                  179 	ld	(hl), #0x0c
      00014F 21r43r00               180 	ld	hl, #(_trackMap + 0x0043)
      000152 36 0C                  181 	ld	(hl), #0x0c
      000154 21r44r00               182 	ld	hl, #(_trackMap + 0x0044)
      000157 36 0C                  183 	ld	(hl), #0x0c
      000159 21r45r00               184 	ld	hl, #(_trackMap + 0x0045)
      00015C 36 0C                  185 	ld	(hl), #0x0c
      00015E 21r46r00               186 	ld	hl, #(_trackMap + 0x0046)
      000161 36 0C                  187 	ld	(hl), #0x0c
      000163 21r47r00               188 	ld	hl, #(_trackMap + 0x0047)
      000166 36 0C                  189 	ld	(hl), #0x0c
      000168 21r48r00               190 	ld	hl, #(_trackMap + 0x0048)
      00016B 36 0C                  191 	ld	(hl), #0x0c
      00016D 21r49r00               192 	ld	hl, #(_trackMap + 0x0049)
      000170 36 0C                  193 	ld	(hl), #0x0c
      000172 21r4Ar00               194 	ld	hl, #(_trackMap + 0x004a)
      000175 36 0C                  195 	ld	(hl), #0x0c
      000177 21r4Br00               196 	ld	hl, #(_trackMap + 0x004b)
      00017A 36 0C                  197 	ld	(hl), #0x0c
      00017C 21r4Cr00               198 	ld	hl, #(_trackMap + 0x004c)
      00017F 36 0C                  199 	ld	(hl), #0x0c
      000181 21r4Dr00               200 	ld	hl, #(_trackMap + 0x004d)
      000184 36 0C                  201 	ld	(hl), #0x0c
      000186 21r4Er00               202 	ld	hl, #(_trackMap + 0x004e)
      000189 36 0C                  203 	ld	(hl), #0x0c
      00018B 21r4Fr00               204 	ld	hl, #(_trackMap + 0x004f)
      00018E 36 03                  205 	ld	(hl), #0x03
      000190 21r50r00               206 	ld	hl, #(_trackMap + 0x0050)
      000193 36 03                  207 	ld	(hl), #0x03
      000195 21r51r00               208 	ld	hl, #(_trackMap + 0x0051)
      000198 36 0C                  209 	ld	(hl), #0x0c
      00019A 21r52r00               210 	ld	hl, #(_trackMap + 0x0052)
      00019D 36 0C                  211 	ld	(hl), #0x0c
      00019F 21r53r00               212 	ld	hl, #(_trackMap + 0x0053)
      0001A2 36 0C                  213 	ld	(hl), #0x0c
      0001A4 21r54r00               214 	ld	hl, #(_trackMap + 0x0054)
      0001A7 36 04                  215 	ld	(hl), #0x04
      0001A9 21r55r00               216 	ld	hl, #(_trackMap + 0x0055)
      0001AC 36 01                  217 	ld	(hl), #0x01
      0001AE 21r56r00               218 	ld	hl, #(_trackMap + 0x0056)
      0001B1 36 01                  219 	ld	(hl), #0x01
      0001B3 21r57r00               220 	ld	hl, #(_trackMap + 0x0057)
      0001B6 36 01                  221 	ld	(hl), #0x01
      0001B8 21r58r00               222 	ld	hl, #(_trackMap + 0x0058)
      0001BB 36 01                  223 	ld	(hl), #0x01
      0001BD 21r59r00               224 	ld	hl, #(_trackMap + 0x0059)
      0001C0 36 01                  225 	ld	(hl), #0x01
      0001C2 21r5Ar00               226 	ld	hl, #(_trackMap + 0x005a)
      0001C5 36 01                  227 	ld	(hl), #0x01
      0001C7 21r5Br00               228 	ld	hl, #(_trackMap + 0x005b)
      0001CA 36 01                  229 	ld	(hl), #0x01
      0001CC 21r5Cr00               230 	ld	hl, #(_trackMap + 0x005c)
      0001CF 36 01                  231 	ld	(hl), #0x01
      0001D1 21r5Dr00               232 	ld	hl, #(_trackMap + 0x005d)
      0001D4 36 01                  233 	ld	(hl), #0x01
      0001D6 21r5Er00               234 	ld	hl, #(_trackMap + 0x005e)
      0001D9 36 01                  235 	ld	(hl), #0x01
      0001DB 21r5Fr00               236 	ld	hl, #(_trackMap + 0x005f)
      0001DE 36 05                  237 	ld	(hl), #0x05
      0001E0 21r60r00               238 	ld	hl, #(_trackMap + 0x0060)
      0001E3 36 0C                  239 	ld	(hl), #0x0c
      0001E5 21r61r00               240 	ld	hl, #(_trackMap + 0x0061)
      0001E8 36 0C                  241 	ld	(hl), #0x0c
      0001EA 21r62r00               242 	ld	hl, #(_trackMap + 0x0062)
      0001ED 36 0C                  243 	ld	(hl), #0x0c
      0001EF 21r63r00               244 	ld	hl, #(_trackMap + 0x0063)
      0001F2 36 03                  245 	ld	(hl), #0x03
      0001F4 21r64r00               246 	ld	hl, #(_trackMap + 0x0064)
      0001F7 36 03                  247 	ld	(hl), #0x03
      0001F9 21r65r00               248 	ld	hl, #(_trackMap + 0x0065)
      0001FC 36 0C                  249 	ld	(hl), #0x0c
      0001FE 21r66r00               250 	ld	hl, #(_trackMap + 0x0066)
      000201 36 0C                  251 	ld	(hl), #0x0c
      000203 21r67r00               252 	ld	hl, #(_trackMap + 0x0067)
      000206 36 0C                  253 	ld	(hl), #0x0c
      000208 21r68r00               254 	ld	hl, #(_trackMap + 0x0068)
      00020B 36 03                  255 	ld	(hl), #0x03
      00020D 21r69r00               256 	ld	hl, #(_trackMap + 0x0069)
      000210 36 0C                  257 	ld	(hl), #0x0c
      000212 21r6Ar00               258 	ld	hl, #(_trackMap + 0x006a)
      000215 36 0C                  259 	ld	(hl), #0x0c
      000217 21r6Br00               260 	ld	hl, #(_trackMap + 0x006b)
      00021A 36 0C                  261 	ld	(hl), #0x0c
      00021C 21r6Cr00               262 	ld	hl, #(_trackMap + 0x006c)
      00021F 36 0C                  263 	ld	(hl), #0x0c
      000221 21r6Dr00               264 	ld	hl, #(_trackMap + 0x006d)
      000224 36 0C                  265 	ld	(hl), #0x0c
      000226 21r6Er00               266 	ld	hl, #(_trackMap + 0x006e)
      000229 36 0C                  267 	ld	(hl), #0x0c
      00022B 21r6Fr00               268 	ld	hl, #(_trackMap + 0x006f)
      00022E 36 0C                  269 	ld	(hl), #0x0c
      000230 21r70r00               270 	ld	hl, #(_trackMap + 0x0070)
      000233 36 0C                  271 	ld	(hl), #0x0c
      000235 21r71r00               272 	ld	hl, #(_trackMap + 0x0071)
      000238 36 0C                  273 	ld	(hl), #0x0c
      00023A 21r72r00               274 	ld	hl, #(_trackMap + 0x0072)
      00023D 36 0C                  275 	ld	(hl), #0x0c
      00023F 21r73r00               276 	ld	hl, #(_trackMap + 0x0073)
      000242 36 03                  277 	ld	(hl), #0x03
      000244 21r74r00               278 	ld	hl, #(_trackMap + 0x0074)
      000247 36 0C                  279 	ld	(hl), #0x0c
      000249 21r75r00               280 	ld	hl, #(_trackMap + 0x0075)
      00024C 36 0C                  281 	ld	(hl), #0x0c
      00024E 21r76r00               282 	ld	hl, #(_trackMap + 0x0076)
      000251 36 0C                  283 	ld	(hl), #0x0c
      000253 21r77r00               284 	ld	hl, #(_trackMap + 0x0077)
      000256 36 03                  285 	ld	(hl), #0x03
      000258 21r78r00               286 	ld	hl, #(_trackMap + 0x0078)
      00025B 36 03                  287 	ld	(hl), #0x03
      00025D 21r79r00               288 	ld	hl, #(_trackMap + 0x0079)
      000260 36 0C                  289 	ld	(hl), #0x0c
      000262 21r7Ar00               290 	ld	hl, #(_trackMap + 0x007a)
      000265 36 0C                  291 	ld	(hl), #0x0c
      000267 21r7Br00               292 	ld	hl, #(_trackMap + 0x007b)
      00026A 36 0C                  293 	ld	(hl), #0x0c
      00026C 21r7Cr00               294 	ld	hl, #(_trackMap + 0x007c)
      00026F 36 03                  295 	ld	(hl), #0x03
      000271 21r7Dr00               296 	ld	hl, #(_trackMap + 0x007d)
      000274 36 0C                  297 	ld	(hl), #0x0c
      000276 21r7Er00               298 	ld	hl, #(_trackMap + 0x007e)
      000279 36 00                  299 	ld	(hl), #0x00
      00027B 21r7Fr00               300 	ld	hl, #(_trackMap + 0x007f)
      00027E 36 00                  301 	ld	(hl), #0x00
      000280 21r80r00               302 	ld	hl, #(_trackMap + 0x0080)
      000283 36 00                  303 	ld	(hl), #0x00
      000285 21r81r00               304 	ld	hl, #(_trackMap + 0x0081)
      000288 36 00                  305 	ld	(hl), #0x00
      00028A 21r82r00               306 	ld	hl, #(_trackMap + 0x0082)
      00028D 36 00                  307 	ld	(hl), #0x00
      00028F 21r83r00               308 	ld	hl, #(_trackMap + 0x0083)
      000292 36 00                  309 	ld	(hl), #0x00
      000294 21r84r00               310 	ld	hl, #(_trackMap + 0x0084)
      000297 36 00                  311 	ld	(hl), #0x00
      000299 21r85r00               312 	ld	hl, #(_trackMap + 0x0085)
      00029C 36 00                  313 	ld	(hl), #0x00
      00029E 21r86r00               314 	ld	hl, #(_trackMap + 0x0086)
      0002A1 36 0C                  315 	ld	(hl), #0x0c
      0002A3 21r87r00               316 	ld	hl, #(_trackMap + 0x0087)
      0002A6 36 03                  317 	ld	(hl), #0x03
      0002A8 21r88r00               318 	ld	hl, #(_trackMap + 0x0088)
      0002AB 36 0C                  319 	ld	(hl), #0x0c
      0002AD 21r89r00               320 	ld	hl, #(_trackMap + 0x0089)
      0002B0 36 0C                  321 	ld	(hl), #0x0c
      0002B2 21r8Ar00               322 	ld	hl, #(_trackMap + 0x008a)
      0002B5 36 0C                  323 	ld	(hl), #0x0c
      0002B7 21r8Br00               324 	ld	hl, #(_trackMap + 0x008b)
      0002BA 36 03                  325 	ld	(hl), #0x03
      0002BC 21r8Cr00               326 	ld	hl, #(_trackMap + 0x008c)
      0002BF 36 03                  327 	ld	(hl), #0x03
      0002C1 21r8Dr00               328 	ld	hl, #(_trackMap + 0x008d)
      0002C4 36 0C                  329 	ld	(hl), #0x0c
      0002C6 21r8Er00               330 	ld	hl, #(_trackMap + 0x008e)
      0002C9 36 0C                  331 	ld	(hl), #0x0c
      0002CB 21r8Fr00               332 	ld	hl, #(_trackMap + 0x008f)
      0002CE 36 0C                  333 	ld	(hl), #0x0c
      0002D0 21r90r00               334 	ld	hl, #(_trackMap + 0x0090)
      0002D3 36 03                  335 	ld	(hl), #0x03
      0002D5 21r91r00               336 	ld	hl, #(_trackMap + 0x0091)
      0002D8 36 0C                  337 	ld	(hl), #0x0c
      0002DA 21r92r00               338 	ld	hl, #(_trackMap + 0x0092)
      0002DD 36 00                  339 	ld	(hl), #0x00
      0002DF 21r93r00               340 	ld	hl, #(_trackMap + 0x0093)
      0002E2 36 00                  341 	ld	(hl), #0x00
      0002E4 21r94r00               342 	ld	hl, #(_trackMap + 0x0094)
      0002E7 36 00                  343 	ld	(hl), #0x00
      0002E9 21r95r00               344 	ld	hl, #(_trackMap + 0x0095)
      0002EC 36 00                  345 	ld	(hl), #0x00
      0002EE 21r96r00               346 	ld	hl, #(_trackMap + 0x0096)
      0002F1 36 00                  347 	ld	(hl), #0x00
      0002F3 21r97r00               348 	ld	hl, #(_trackMap + 0x0097)
      0002F6 36 00                  349 	ld	(hl), #0x00
      0002F8 21r98r00               350 	ld	hl, #(_trackMap + 0x0098)
      0002FB 36 00                  351 	ld	(hl), #0x00
      0002FD 21r99r00               352 	ld	hl, #(_trackMap + 0x0099)
      000300 36 00                  353 	ld	(hl), #0x00
      000302 21r9Ar00               354 	ld	hl, #(_trackMap + 0x009a)
      000305 36 0C                  355 	ld	(hl), #0x0c
      000307 21r9Br00               356 	ld	hl, #(_trackMap + 0x009b)
      00030A 36 03                  357 	ld	(hl), #0x03
      00030C 21r9Cr00               358 	ld	hl, #(_trackMap + 0x009c)
      00030F 36 0C                  359 	ld	(hl), #0x0c
      000311 21r9Dr00               360 	ld	hl, #(_trackMap + 0x009d)
      000314 36 0C                  361 	ld	(hl), #0x0c
      000316 21r9Er00               362 	ld	hl, #(_trackMap + 0x009e)
      000319 36 0C                  363 	ld	(hl), #0x0c
      00031B 21r9Fr00               364 	ld	hl, #(_trackMap + 0x009f)
      00031E 36 03                  365 	ld	(hl), #0x03
      000320 21rA0r00               366 	ld	hl, #(_trackMap + 0x00a0)
      000323 36 03                  367 	ld	(hl), #0x03
      000325 21rA1r00               368 	ld	hl, #(_trackMap + 0x00a1)
      000328 36 0C                  369 	ld	(hl), #0x0c
      00032A 21rA2r00               370 	ld	hl, #(_trackMap + 0x00a2)
      00032D 36 0C                  371 	ld	(hl), #0x0c
      00032F 21rA3r00               372 	ld	hl, #(_trackMap + 0x00a3)
      000332 36 0C                  373 	ld	(hl), #0x0c
      000334 21rA4r00               374 	ld	hl, #(_trackMap + 0x00a4)
      000337 36 03                  375 	ld	(hl), #0x03
      000339 21rA5r00               376 	ld	hl, #(_trackMap + 0x00a5)
      00033C 36 0C                  377 	ld	(hl), #0x0c
      00033E 21rA6r00               378 	ld	hl, #(_trackMap + 0x00a6)
      000341 36 00                  379 	ld	(hl), #0x00
      000343 21rA7r00               380 	ld	hl, #(_trackMap + 0x00a7)
      000346 36 00                  381 	ld	(hl), #0x00
      000348 21rA8r00               382 	ld	hl, #(_trackMap + 0x00a8)
      00034B 36 00                  383 	ld	(hl), #0x00
      00034D 21rA9r00               384 	ld	hl, #(_trackMap + 0x00a9)
      000350 36 00                  385 	ld	(hl), #0x00
      000352 21rAAr00               386 	ld	hl, #(_trackMap + 0x00aa)
      000355 36 00                  387 	ld	(hl), #0x00
      000357 21rABr00               388 	ld	hl, #(_trackMap + 0x00ab)
      00035A 36 00                  389 	ld	(hl), #0x00
      00035C 21rACr00               390 	ld	hl, #(_trackMap + 0x00ac)
      00035F 36 00                  391 	ld	(hl), #0x00
      000361 21rADr00               392 	ld	hl, #(_trackMap + 0x00ad)
      000364 36 00                  393 	ld	(hl), #0x00
      000366 21rAEr00               394 	ld	hl, #(_trackMap + 0x00ae)
      000369 36 0C                  395 	ld	(hl), #0x0c
      00036B 21rAFr00               396 	ld	hl, #(_trackMap + 0x00af)
      00036E 36 03                  397 	ld	(hl), #0x03
      000370 21rB0r00               398 	ld	hl, #(_trackMap + 0x00b0)
      000373 36 07                  399 	ld	(hl), #0x07
      000375 21rB1r00               400 	ld	hl, #(_trackMap + 0x00b1)
      000378 36 07                  401 	ld	(hl), #0x07
      00037A 21rB2r00               402 	ld	hl, #(_trackMap + 0x00b2)
      00037D 36 07                  403 	ld	(hl), #0x07
      00037F 21rB3r00               404 	ld	hl, #(_trackMap + 0x00b3)
      000382 36 03                  405 	ld	(hl), #0x03
      000384 21rB4r00               406 	ld	hl, #(_trackMap + 0x00b4)
      000387 36 03                  407 	ld	(hl), #0x03
      000389 21rB5r00               408 	ld	hl, #(_trackMap + 0x00b5)
      00038C 36 0C                  409 	ld	(hl), #0x0c
      00038E 21rB6r00               410 	ld	hl, #(_trackMap + 0x00b6)
      000391 36 0C                  411 	ld	(hl), #0x0c
      000393 21rB7r00               412 	ld	hl, #(_trackMap + 0x00b7)
      000396 36 0C                  413 	ld	(hl), #0x0c
      000398 21rB8r00               414 	ld	hl, #(_trackMap + 0x00b8)
      00039B 36 03                  415 	ld	(hl), #0x03
      00039D 21rB9r00               416 	ld	hl, #(_trackMap + 0x00b9)
      0003A0 36 0C                  417 	ld	(hl), #0x0c
      0003A2 21rBAr00               418 	ld	hl, #(_trackMap + 0x00ba)
      0003A5 36 00                  419 	ld	(hl), #0x00
      0003A7 21rBBr00               420 	ld	hl, #(_trackMap + 0x00bb)
      0003AA 36 00                  421 	ld	(hl), #0x00
      0003AC 21rBCr00               422 	ld	hl, #(_trackMap + 0x00bc)
      0003AF 36 00                  423 	ld	(hl), #0x00
      0003B1 21rBDr00               424 	ld	hl, #(_trackMap + 0x00bd)
      0003B4 36 00                  425 	ld	(hl), #0x00
      0003B6 21rBEr00               426 	ld	hl, #(_trackMap + 0x00be)
      0003B9 36 00                  427 	ld	(hl), #0x00
      0003BB 21rBFr00               428 	ld	hl, #(_trackMap + 0x00bf)
      0003BE 36 00                  429 	ld	(hl), #0x00
      0003C0 21rC0r00               430 	ld	hl, #(_trackMap + 0x00c0)
      0003C3 36 00                  431 	ld	(hl), #0x00
      0003C5 21rC1r00               432 	ld	hl, #(_trackMap + 0x00c1)
      0003C8 36 00                  433 	ld	(hl), #0x00
      0003CA 21rC2r00               434 	ld	hl, #(_trackMap + 0x00c2)
      0003CD 36 0C                  435 	ld	(hl), #0x0c
      0003CF 21rC3r00               436 	ld	hl, #(_trackMap + 0x00c3)
      0003D2 36 03                  437 	ld	(hl), #0x03
      0003D4 21rC4r00               438 	ld	hl, #(_trackMap + 0x00c4)
      0003D7 36 08                  439 	ld	(hl), #0x08
      0003D9 21rC5r00               440 	ld	hl, #(_trackMap + 0x00c5)
      0003DC 36 08                  441 	ld	(hl), #0x08
      0003DE 21rC6r00               442 	ld	hl, #(_trackMap + 0x00c6)
      0003E1 36 08                  443 	ld	(hl), #0x08
      0003E3 21rC7r00               444 	ld	hl, #(_trackMap + 0x00c7)
      0003E6 36 03                  445 	ld	(hl), #0x03
      0003E8 21rC8r00               446 	ld	hl, #(_trackMap + 0x00c8)
      0003EB 36 03                  447 	ld	(hl), #0x03
      0003ED 21rC9r00               448 	ld	hl, #(_trackMap + 0x00c9)
      0003F0 36 0C                  449 	ld	(hl), #0x0c
      0003F2 21rCAr00               450 	ld	hl, #(_trackMap + 0x00ca)
      0003F5 36 0C                  451 	ld	(hl), #0x0c
      0003F7 21rCBr00               452 	ld	hl, #(_trackMap + 0x00cb)
      0003FA 36 0C                  453 	ld	(hl), #0x0c
      0003FC 21rCCr00               454 	ld	hl, #(_trackMap + 0x00cc)
      0003FF 36 03                  455 	ld	(hl), #0x03
      000401 21rCDr00               456 	ld	hl, #(_trackMap + 0x00cd)
      000404 36 0C                  457 	ld	(hl), #0x0c
      000406 21rCEr00               458 	ld	hl, #(_trackMap + 0x00ce)
      000409 36 00                  459 	ld	(hl), #0x00
      00040B 21rCFr00               460 	ld	hl, #(_trackMap + 0x00cf)
      00040E 36 00                  461 	ld	(hl), #0x00
      000410 21rD0r00               462 	ld	hl, #(_trackMap + 0x00d0)
      000413 36 00                  463 	ld	(hl), #0x00
      000415 21rD1r00               464 	ld	hl, #(_trackMap + 0x00d1)
      000418 36 00                  465 	ld	(hl), #0x00
      00041A 21rD2r00               466 	ld	hl, #(_trackMap + 0x00d2)
      00041D 36 00                  467 	ld	(hl), #0x00
      00041F 21rD3r00               468 	ld	hl, #(_trackMap + 0x00d3)
      000422 36 00                  469 	ld	(hl), #0x00
      000424 21rD4r00               470 	ld	hl, #(_trackMap + 0x00d4)
      000427 36 00                  471 	ld	(hl), #0x00
      000429 21rD5r00               472 	ld	hl, #(_trackMap + 0x00d5)
      00042C 36 00                  473 	ld	(hl), #0x00
      00042E 21rD6r00               474 	ld	hl, #(_trackMap + 0x00d6)
      000431 36 0C                  475 	ld	(hl), #0x0c
      000433 21rD7r00               476 	ld	hl, #(_trackMap + 0x00d7)
      000436 36 03                  477 	ld	(hl), #0x03
      000438 21rD8r00               478 	ld	hl, #(_trackMap + 0x00d8)
      00043B 36 0C                  479 	ld	(hl), #0x0c
      00043D 21rD9r00               480 	ld	hl, #(_trackMap + 0x00d9)
      000440 36 0C                  481 	ld	(hl), #0x0c
      000442 21rDAr00               482 	ld	hl, #(_trackMap + 0x00da)
      000445 36 0C                  483 	ld	(hl), #0x0c
      000447 21rDBr00               484 	ld	hl, #(_trackMap + 0x00db)
      00044A 36 03                  485 	ld	(hl), #0x03
      00044C 21rDCr00               486 	ld	hl, #(_trackMap + 0x00dc)
      00044F 36 03                  487 	ld	(hl), #0x03
      000451 21rDDr00               488 	ld	hl, #(_trackMap + 0x00dd)
      000454 36 0C                  489 	ld	(hl), #0x0c
      000456 21rDEr00               490 	ld	hl, #(_trackMap + 0x00de)
      000459 36 0C                  491 	ld	(hl), #0x0c
      00045B 21rDFr00               492 	ld	hl, #(_trackMap + 0x00df)
      00045E 36 0C                  493 	ld	(hl), #0x0c
      000460 21rE0r00               494 	ld	hl, #(_trackMap + 0x00e0)
      000463 36 03                  495 	ld	(hl), #0x03
      000465 21rE1r00               496 	ld	hl, #(_trackMap + 0x00e1)
      000468 36 0C                  497 	ld	(hl), #0x0c
      00046A 21rE2r00               498 	ld	hl, #(_trackMap + 0x00e2)
      00046D 36 00                  499 	ld	(hl), #0x00
      00046F 21rE3r00               500 	ld	hl, #(_trackMap + 0x00e3)
      000472 36 00                  501 	ld	(hl), #0x00
      000474 21rE4r00               502 	ld	hl, #(_trackMap + 0x00e4)
      000477 36 00                  503 	ld	(hl), #0x00
      000479 21rE5r00               504 	ld	hl, #(_trackMap + 0x00e5)
      00047C 36 00                  505 	ld	(hl), #0x00
      00047E 21rE6r00               506 	ld	hl, #(_trackMap + 0x00e6)
      000481 36 00                  507 	ld	(hl), #0x00
      000483 21rE7r00               508 	ld	hl, #(_trackMap + 0x00e7)
      000486 36 00                  509 	ld	(hl), #0x00
      000488 21rE8r00               510 	ld	hl, #(_trackMap + 0x00e8)
      00048B 36 00                  511 	ld	(hl), #0x00
      00048D 21rE9r00               512 	ld	hl, #(_trackMap + 0x00e9)
      000490 36 00                  513 	ld	(hl), #0x00
      000492 21rEAr00               514 	ld	hl, #(_trackMap + 0x00ea)
      000495 36 0C                  515 	ld	(hl), #0x0c
      000497 21rEBr00               516 	ld	hl, #(_trackMap + 0x00eb)
      00049A 36 03                  517 	ld	(hl), #0x03
      00049C 21rECr00               518 	ld	hl, #(_trackMap + 0x00ec)
      00049F 36 0C                  519 	ld	(hl), #0x0c
      0004A1 21rEDr00               520 	ld	hl, #(_trackMap + 0x00ed)
      0004A4 36 0C                  521 	ld	(hl), #0x0c
      0004A6 21rEEr00               522 	ld	hl, #(_trackMap + 0x00ee)
      0004A9 36 0C                  523 	ld	(hl), #0x0c
      0004AB 21rEFr00               524 	ld	hl, #(_trackMap + 0x00ef)
      0004AE 36 03                  525 	ld	(hl), #0x03
      0004B0 21rF0r00               526 	ld	hl, #(_trackMap + 0x00f0)
      0004B3 36 03                  527 	ld	(hl), #0x03
      0004B5 21rF1r00               528 	ld	hl, #(_trackMap + 0x00f1)
      0004B8 36 0C                  529 	ld	(hl), #0x0c
      0004BA 21rF2r00               530 	ld	hl, #(_trackMap + 0x00f2)
      0004BD 36 0C                  531 	ld	(hl), #0x0c
      0004BF 21rF3r00               532 	ld	hl, #(_trackMap + 0x00f3)
      0004C2 36 0C                  533 	ld	(hl), #0x0c
      0004C4 21rF4r00               534 	ld	hl, #(_trackMap + 0x00f4)
      0004C7 36 03                  535 	ld	(hl), #0x03
      0004C9 21rF5r00               536 	ld	hl, #(_trackMap + 0x00f5)
      0004CC 36 0C                  537 	ld	(hl), #0x0c
      0004CE 21rF6r00               538 	ld	hl, #(_trackMap + 0x00f6)
      0004D1 36 0C                  539 	ld	(hl), #0x0c
      0004D3 21rF7r00               540 	ld	hl, #(_trackMap + 0x00f7)
      0004D6 36 0C                  541 	ld	(hl), #0x0c
      0004D8 21rF8r00               542 	ld	hl, #(_trackMap + 0x00f8)
      0004DB 36 0C                  543 	ld	(hl), #0x0c
      0004DD 21rF9r00               544 	ld	hl, #(_trackMap + 0x00f9)
      0004E0 36 0C                  545 	ld	(hl), #0x0c
      0004E2 21rFAr00               546 	ld	hl, #(_trackMap + 0x00fa)
      0004E5 36 0C                  547 	ld	(hl), #0x0c
      0004E7 21rFBr00               548 	ld	hl, #(_trackMap + 0x00fb)
      0004EA 36 0C                  549 	ld	(hl), #0x0c
      0004EC 21rFCr00               550 	ld	hl, #(_trackMap + 0x00fc)
      0004EF 36 0C                  551 	ld	(hl), #0x0c
      0004F1 21rFDr00               552 	ld	hl, #(_trackMap + 0x00fd)
      0004F4 36 0C                  553 	ld	(hl), #0x0c
      0004F6 21rFEr00               554 	ld	hl, #(_trackMap + 0x00fe)
      0004F9 36 0C                  555 	ld	(hl), #0x0c
      0004FB 21rFFr00               556 	ld	hl, #(_trackMap + 0x00ff)
      0004FE 36 03                  557 	ld	(hl), #0x03
      000500 21r00r01               558 	ld	hl, #(_trackMap + 0x0100)
      000503 36 0C                  559 	ld	(hl), #0x0c
      000505 21r01r01               560 	ld	hl, #(_trackMap + 0x0101)
      000508 36 0C                  561 	ld	(hl), #0x0c
      00050A 21r02r01               562 	ld	hl, #(_trackMap + 0x0102)
      00050D 36 0C                  563 	ld	(hl), #0x0c
      00050F 21r03r01               564 	ld	hl, #(_trackMap + 0x0103)
      000512 36 03                  565 	ld	(hl), #0x03
      000514 21r04r01               566 	ld	hl, #(_trackMap + 0x0104)
      000517 36 03                  567 	ld	(hl), #0x03
      000519 21r05r01               568 	ld	hl, #(_trackMap + 0x0105)
      00051C 36 0C                  569 	ld	(hl), #0x0c
      00051E 21r06r01               570 	ld	hl, #(_trackMap + 0x0106)
      000521 36 0C                  571 	ld	(hl), #0x0c
      000523 21r07r01               572 	ld	hl, #(_trackMap + 0x0107)
      000526 36 0C                  573 	ld	(hl), #0x0c
      000528 21r08r01               574 	ld	hl, #(_trackMap + 0x0108)
      00052B 36 02                  575 	ld	(hl), #0x02
      00052D 21r09r01               576 	ld	hl, #(_trackMap + 0x0109)
      000530 36 01                  577 	ld	(hl), #0x01
      000532 21r0Ar01               578 	ld	hl, #(_trackMap + 0x010a)
      000535 36 01                  579 	ld	(hl), #0x01
      000537 21r0Br01               580 	ld	hl, #(_trackMap + 0x010b)
      00053A 36 01                  581 	ld	(hl), #0x01
      00053C 21r0Cr01               582 	ld	hl, #(_trackMap + 0x010c)
      00053F 36 01                  583 	ld	(hl), #0x01
      000541 21r0Dr01               584 	ld	hl, #(_trackMap + 0x010d)
      000544 36 01                  585 	ld	(hl), #0x01
      000546 21r0Er01               586 	ld	hl, #(_trackMap + 0x010e)
      000549 36 01                  587 	ld	(hl), #0x01
      00054B 21r0Fr01               588 	ld	hl, #(_trackMap + 0x010f)
      00054E 36 01                  589 	ld	(hl), #0x01
      000550 21r10r01               590 	ld	hl, #(_trackMap + 0x0110)
      000553 36 01                  591 	ld	(hl), #0x01
      000555 21r11r01               592 	ld	hl, #(_trackMap + 0x0111)
      000558 36 01                  593 	ld	(hl), #0x01
      00055A 21r12r01               594 	ld	hl, #(_trackMap + 0x0112)
      00055D 36 01                  595 	ld	(hl), #0x01
      00055F 21r13r01               596 	ld	hl, #(_trackMap + 0x0113)
      000562 36 06                  597 	ld	(hl), #0x06
      000564 21r14r01               598 	ld	hl, #(_trackMap + 0x0114)
      000567 36 0C                  599 	ld	(hl), #0x0c
      000569 21r15r01               600 	ld	hl, #(_trackMap + 0x0115)
      00056C 36 0C                  601 	ld	(hl), #0x0c
      00056E 21r16r01               602 	ld	hl, #(_trackMap + 0x0116)
      000571 36 0C                  603 	ld	(hl), #0x0c
      000573 21r17r01               604 	ld	hl, #(_trackMap + 0x0117)
      000576 36 03                  605 	ld	(hl), #0x03
      000578 21r18r01               606 	ld	hl, #(_trackMap + 0x0118)
      00057B 36 03                  607 	ld	(hl), #0x03
      00057D 21r19r01               608 	ld	hl, #(_trackMap + 0x0119)
      000580 36 0C                  609 	ld	(hl), #0x0c
      000582 21r1Ar01               610 	ld	hl, #(_trackMap + 0x011a)
      000585 36 0C                  611 	ld	(hl), #0x0c
      000587 21r1Br01               612 	ld	hl, #(_trackMap + 0x011b)
      00058A 36 0C                  613 	ld	(hl), #0x0c
      00058C 21r1Cr01               614 	ld	hl, #(_trackMap + 0x011c)
      00058F 36 0C                  615 	ld	(hl), #0x0c
      000591 21r1Dr01               616 	ld	hl, #(_trackMap + 0x011d)
      000594 36 0C                  617 	ld	(hl), #0x0c
      000596 21r1Er01               618 	ld	hl, #(_trackMap + 0x011e)
      000599 36 0C                  619 	ld	(hl), #0x0c
      00059B 21r1Fr01               620 	ld	hl, #(_trackMap + 0x011f)
      00059E 36 0C                  621 	ld	(hl), #0x0c
      0005A0 21r20r01               622 	ld	hl, #(_trackMap + 0x0120)
      0005A3 36 0C                  623 	ld	(hl), #0x0c
      0005A5 21r21r01               624 	ld	hl, #(_trackMap + 0x0121)
      0005A8 36 0C                  625 	ld	(hl), #0x0c
      0005AA 21r22r01               626 	ld	hl, #(_trackMap + 0x0122)
      0005AD 36 0C                  627 	ld	(hl), #0x0c
      0005AF 21r23r01               628 	ld	hl, #(_trackMap + 0x0123)
      0005B2 36 0C                  629 	ld	(hl), #0x0c
      0005B4 21r24r01               630 	ld	hl, #(_trackMap + 0x0124)
      0005B7 36 0C                  631 	ld	(hl), #0x0c
      0005B9 21r25r01               632 	ld	hl, #(_trackMap + 0x0125)
      0005BC 36 0C                  633 	ld	(hl), #0x0c
      0005BE 21r26r01               634 	ld	hl, #(_trackMap + 0x0126)
      0005C1 36 0C                  635 	ld	(hl), #0x0c
      0005C3 21r27r01               636 	ld	hl, #(_trackMap + 0x0127)
      0005C6 36 0C                  637 	ld	(hl), #0x0c
      0005C8 21r28r01               638 	ld	hl, #(_trackMap + 0x0128)
      0005CB 36 0C                  639 	ld	(hl), #0x0c
      0005CD 21r29r01               640 	ld	hl, #(_trackMap + 0x0129)
      0005D0 36 0C                  641 	ld	(hl), #0x0c
      0005D2 21r2Ar01               642 	ld	hl, #(_trackMap + 0x012a)
      0005D5 36 0C                  643 	ld	(hl), #0x0c
      0005D7 21r2Br01               644 	ld	hl, #(_trackMap + 0x012b)
      0005DA 36 03                  645 	ld	(hl), #0x03
      0005DC 21r2Cr01               646 	ld	hl, #(_trackMap + 0x012c)
      0005DF 36 03                  647 	ld	(hl), #0x03
      0005E1 21r2Dr01               648 	ld	hl, #(_trackMap + 0x012d)
      0005E4 36 0C                  649 	ld	(hl), #0x0c
      0005E6 21r2Er01               650 	ld	hl, #(_trackMap + 0x012e)
      0005E9 36 0C                  651 	ld	(hl), #0x0c
      0005EB 21r2Fr01               652 	ld	hl, #(_trackMap + 0x012f)
      0005EE 36 0C                  653 	ld	(hl), #0x0c
      0005F0 21r30r01               654 	ld	hl, #(_trackMap + 0x0130)
      0005F3 36 0C                  655 	ld	(hl), #0x0c
      0005F5 21r31r01               656 	ld	hl, #(_trackMap + 0x0131)
      0005F8 36 0C                  657 	ld	(hl), #0x0c
      0005FA 21r32r01               658 	ld	hl, #(_trackMap + 0x0132)
      0005FD 36 0C                  659 	ld	(hl), #0x0c
      0005FF 21r33r01               660 	ld	hl, #(_trackMap + 0x0133)
      000602 36 0C                  661 	ld	(hl), #0x0c
      000604 21r34r01               662 	ld	hl, #(_trackMap + 0x0134)
      000607 36 0C                  663 	ld	(hl), #0x0c
      000609 21r35r01               664 	ld	hl, #(_trackMap + 0x0135)
      00060C 36 0C                  665 	ld	(hl), #0x0c
      00060E 21r36r01               666 	ld	hl, #(_trackMap + 0x0136)
      000611 36 0C                  667 	ld	(hl), #0x0c
      000613 21r37r01               668 	ld	hl, #(_trackMap + 0x0137)
      000616 36 0C                  669 	ld	(hl), #0x0c
      000618 21r38r01               670 	ld	hl, #(_trackMap + 0x0138)
      00061B 36 0C                  671 	ld	(hl), #0x0c
      00061D 21r39r01               672 	ld	hl, #(_trackMap + 0x0139)
      000620 36 0C                  673 	ld	(hl), #0x0c
      000622 21r3Ar01               674 	ld	hl, #(_trackMap + 0x013a)
      000625 36 0C                  675 	ld	(hl), #0x0c
      000627 21r3Br01               676 	ld	hl, #(_trackMap + 0x013b)
      00062A 36 0C                  677 	ld	(hl), #0x0c
      00062C 21r3Cr01               678 	ld	hl, #(_trackMap + 0x013c)
      00062F 36 0C                  679 	ld	(hl), #0x0c
      000631 21r3Dr01               680 	ld	hl, #(_trackMap + 0x013d)
      000634 36 0C                  681 	ld	(hl), #0x0c
      000636 21r3Er01               682 	ld	hl, #(_trackMap + 0x013e)
      000639 36 0C                  683 	ld	(hl), #0x0c
      00063B 21r3Fr01               684 	ld	hl, #(_trackMap + 0x013f)
      00063E 36 03                  685 	ld	(hl), #0x03
      000640 21r40r01               686 	ld	hl, #(_trackMap + 0x0140)
      000643 36 03                  687 	ld	(hl), #0x03
      000645 21r41r01               688 	ld	hl, #(_trackMap + 0x0141)
      000648 36 0C                  689 	ld	(hl), #0x0c
      00064A 21r42r01               690 	ld	hl, #(_trackMap + 0x0142)
      00064D 36 0C                  691 	ld	(hl), #0x0c
      00064F 21r43r01               692 	ld	hl, #(_trackMap + 0x0143)
      000652 36 0C                  693 	ld	(hl), #0x0c
      000654 21r44r01               694 	ld	hl, #(_trackMap + 0x0144)
      000657 36 0C                  695 	ld	(hl), #0x0c
      000659 21r45r01               696 	ld	hl, #(_trackMap + 0x0145)
      00065C 36 0C                  697 	ld	(hl), #0x0c
      00065E 21r46r01               698 	ld	hl, #(_trackMap + 0x0146)
      000661 36 0C                  699 	ld	(hl), #0x0c
      000663 21r47r01               700 	ld	hl, #(_trackMap + 0x0147)
      000666 36 0C                  701 	ld	(hl), #0x0c
      000668 21r48r01               702 	ld	hl, #(_trackMap + 0x0148)
      00066B 36 0C                  703 	ld	(hl), #0x0c
      00066D 21r49r01               704 	ld	hl, #(_trackMap + 0x0149)
      000670 36 0C                  705 	ld	(hl), #0x0c
      000672 21r4Ar01               706 	ld	hl, #(_trackMap + 0x014a)
      000675 36 0C                  707 	ld	(hl), #0x0c
      000677 21r4Br01               708 	ld	hl, #(_trackMap + 0x014b)
      00067A 36 0C                  709 	ld	(hl), #0x0c
      00067C 21r4Cr01               710 	ld	hl, #(_trackMap + 0x014c)
      00067F 36 0C                  711 	ld	(hl), #0x0c
      000681 21r4Dr01               712 	ld	hl, #(_trackMap + 0x014d)
      000684 36 0C                  713 	ld	(hl), #0x0c
      000686 21r4Er01               714 	ld	hl, #(_trackMap + 0x014e)
      000689 36 0C                  715 	ld	(hl), #0x0c
      00068B 21r4Fr01               716 	ld	hl, #(_trackMap + 0x014f)
      00068E 36 0C                  717 	ld	(hl), #0x0c
      000690 21r50r01               718 	ld	hl, #(_trackMap + 0x0150)
      000693 36 0C                  719 	ld	(hl), #0x0c
      000695 21r51r01               720 	ld	hl, #(_trackMap + 0x0151)
      000698 36 0C                  721 	ld	(hl), #0x0c
      00069A 21r52r01               722 	ld	hl, #(_trackMap + 0x0152)
      00069D 36 0C                  723 	ld	(hl), #0x0c
      00069F 21r53r01               724 	ld	hl, #(_trackMap + 0x0153)
      0006A2 36 03                  725 	ld	(hl), #0x03
      0006A4 21r54r01               726 	ld	hl, #(_trackMap + 0x0154)
      0006A7 36 02                  727 	ld	(hl), #0x02
      0006A9 21r55r01               728 	ld	hl, #(_trackMap + 0x0155)
      0006AC 36 01                  729 	ld	(hl), #0x01
      0006AE 21r56r01               730 	ld	hl, #(_trackMap + 0x0156)
      0006B1 36 01                  731 	ld	(hl), #0x01
      0006B3 21r57r01               732 	ld	hl, #(_trackMap + 0x0157)
      0006B6 36 01                  733 	ld	(hl), #0x01
      0006B8 21r58r01               734 	ld	hl, #(_trackMap + 0x0158)
      0006BB 36 01                  735 	ld	(hl), #0x01
      0006BD 21r59r01               736 	ld	hl, #(_trackMap + 0x0159)
      0006C0 36 01                  737 	ld	(hl), #0x01
      0006C2 21r5Ar01               738 	ld	hl, #(_trackMap + 0x015a)
      0006C5 36 01                  739 	ld	(hl), #0x01
      0006C7 21r5Br01               740 	ld	hl, #(_trackMap + 0x015b)
      0006CA 36 01                  741 	ld	(hl), #0x01
      0006CC 21r5Cr01               742 	ld	hl, #(_trackMap + 0x015c)
      0006CF 36 01                  743 	ld	(hl), #0x01
      0006D1 21r5Dr01               744 	ld	hl, #(_trackMap + 0x015d)
      0006D4 36 01                  745 	ld	(hl), #0x01
      0006D6 21r5Er01               746 	ld	hl, #(_trackMap + 0x015e)
      0006D9 36 01                  747 	ld	(hl), #0x01
      0006DB 21r5Fr01               748 	ld	hl, #(_trackMap + 0x015f)
      0006DE 36 01                  749 	ld	(hl), #0x01
      0006E0 21r60r01               750 	ld	hl, #(_trackMap + 0x0160)
      0006E3 36 01                  751 	ld	(hl), #0x01
      0006E5 21r61r01               752 	ld	hl, #(_trackMap + 0x0161)
      0006E8 36 01                  753 	ld	(hl), #0x01
      0006EA 21r62r01               754 	ld	hl, #(_trackMap + 0x0162)
      0006ED 36 01                  755 	ld	(hl), #0x01
      0006EF 21r63r01               756 	ld	hl, #(_trackMap + 0x0163)
      0006F2 36 01                  757 	ld	(hl), #0x01
      0006F4 21r64r01               758 	ld	hl, #(_trackMap + 0x0164)
      0006F7 36 01                  759 	ld	(hl), #0x01
      0006F9 21r65r01               760 	ld	hl, #(_trackMap + 0x0165)
      0006FC 36 01                  761 	ld	(hl), #0x01
      0006FE 21r66r01               762 	ld	hl, #(_trackMap + 0x0166)
      000701 36 01                  763 	ld	(hl), #0x01
      000703 21r67r01               764 	ld	hl, #(_trackMap + 0x0167)
      000706 36 06                  765 	ld	(hl), #0x06
      000708 21r68r01               766 	ld	hl, #(_trackMap + 0x0168)
      00070B 36 00                  767 	ld	(hl), #0x00
      00070D 21r69r01               768 	ld	hl, #(_trackMap + 0x0169)
      000710 36 01                  769 	ld	(hl), #0x01
      000712 21r6Ar01               770 	ld	hl, #(_trackMap + 0x016a)
      000715 36 02                  771 	ld	(hl), #0x02
      000717 21r6Br01               772 	ld	hl, #(_trackMap + 0x016b)
      00071A 36 03                  773 	ld	(hl), #0x03
      00071C 21r6Cr01               774 	ld	hl, #(_trackMap + 0x016c)
      00071F 36 04                  775 	ld	(hl), #0x04
      000721 21r6Dr01               776 	ld	hl, #(_trackMap + 0x016d)
      000724 36 05                  777 	ld	(hl), #0x05
      000726 21r6Er01               778 	ld	hl, #(_trackMap + 0x016e)
      000729 36 06                  779 	ld	(hl), #0x06
      00072B 21r6Fr01               780 	ld	hl, #(_trackMap + 0x016f)
      00072E 36 07                  781 	ld	(hl), #0x07
      000730 21r70r01               782 	ld	hl, #(_trackMap + 0x0170)
      000733 36 08                  783 	ld	(hl), #0x08
      000735 21r71r01               784 	ld	hl, #(_trackMap + 0x0171)
      000738 36 0A                  785 	ld	(hl), #0x0a
      00073A 21r72r01               786 	ld	hl, #(_trackMap + 0x0172)
      00073D 36 0B                  787 	ld	(hl), #0x0b
      00073F 21r73r01               788 	ld	hl, #(_trackMap + 0x0173)
      000742 36 0D                  789 	ld	(hl), #0x0d
      000744 21r74r01               790 	ld	hl, #(_trackMap + 0x0174)
      000747 36 0E                  791 	ld	(hl), #0x0e
      000749 21r75r01               792 	ld	hl, #(_trackMap + 0x0175)
      00074C 36 00                  793 	ld	(hl), #0x00
      00074E 21r76r01               794 	ld	hl, #(_trackMap + 0x0176)
      000751 36 00                  795 	ld	(hl), #0x00
      000753 21r77r01               796 	ld	hl, #(_trackMap + 0x0177)
      000756 36 00                  797 	ld	(hl), #0x00
      000758 21r78r01               798 	ld	hl, #(_trackMap + 0x0178)
      00075B 36 00                  799 	ld	(hl), #0x00
      00075D 21r79r01               800 	ld	hl, #(_trackMap + 0x0179)
      000760 36 00                  801 	ld	(hl), #0x00
      000762 21r7Ar01               802 	ld	hl, #(_trackMap + 0x017a)
      000765 36 00                  803 	ld	(hl), #0x00
      000767 21r7Br01               804 	ld	hl, #(_trackMap + 0x017b)
      00076A 36 00                  805 	ld	(hl), #0x00
                           00076C   806 	C$trackTD.c$26$1_0$98	= .
                                    807 	.globl	C$trackTD.c$26$1_0$98
                                    808 ;trackTD.c:26: unsigned char trackSprites[] =
      00076C 21r7Cr01               809 	ld	hl, #_trackSprites
      00076F 36 00                  810 	ld	(hl), #0x00
      000771 21r7Dr01               811 	ld	hl, #(_trackSprites + 0x0001)
      000774 36 00                  812 	ld	(hl), #0x00
      000776 21r7Er01               813 	ld	hl, #(_trackSprites + 0x0002)
      000779 36 00                  814 	ld	(hl), #0x00
      00077B 21r7Fr01               815 	ld	hl, #(_trackSprites + 0x0003)
      00077E 36 00                  816 	ld	(hl), #0x00
      000780 21r80r01               817 	ld	hl, #(_trackSprites + 0x0004)
      000783 36 00                  818 	ld	(hl), #0x00
      000785 21r81r01               819 	ld	hl, #(_trackSprites + 0x0005)
      000788 36 00                  820 	ld	(hl), #0x00
      00078A 21r82r01               821 	ld	hl, #(_trackSprites + 0x0006)
      00078D 36 00                  822 	ld	(hl), #0x00
      00078F 21r83r01               823 	ld	hl, #(_trackSprites + 0x0007)
      000792 36 00                  824 	ld	(hl), #0x00
      000794 21r84r01               825 	ld	hl, #(_trackSprites + 0x0008)
      000797 36 00                  826 	ld	(hl), #0x00
      000799 21r85r01               827 	ld	hl, #(_trackSprites + 0x0009)
      00079C 36 00                  828 	ld	(hl), #0x00
      00079E 21r86r01               829 	ld	hl, #(_trackSprites + 0x000a)
      0007A1 36 00                  830 	ld	(hl), #0x00
      0007A3 21r87r01               831 	ld	hl, #(_trackSprites + 0x000b)
      0007A6 36 00                  832 	ld	(hl), #0x00
      0007A8 21r88r01               833 	ld	hl, #(_trackSprites + 0x000c)
      0007AB 36 00                  834 	ld	(hl), #0x00
      0007AD 21r89r01               835 	ld	hl, #(_trackSprites + 0x000d)
      0007B0 36 00                  836 	ld	(hl), #0x00
      0007B2 21r8Ar01               837 	ld	hl, #(_trackSprites + 0x000e)
      0007B5 36 00                  838 	ld	(hl), #0x00
      0007B7 21r8Br01               839 	ld	hl, #(_trackSprites + 0x000f)
      0007BA 36 00                  840 	ld	(hl), #0x00
      0007BC 21r8Cr01               841 	ld	hl, #(_trackSprites + 0x0010)
      0007BF 36 FF                  842 	ld	(hl), #0xff
      0007C1 21r8Dr01               843 	ld	hl, #(_trackSprites + 0x0011)
      0007C4 36 FF                  844 	ld	(hl), #0xff
      0007C6 21r8Er01               845 	ld	hl, #(_trackSprites + 0x0012)
      0007C9 36 FF                  846 	ld	(hl), #0xff
      0007CB 21r8Fr01               847 	ld	hl, #(_trackSprites + 0x0013)
      0007CE 36 00                  848 	ld	(hl), #0x00
      0007D0 21r90r01               849 	ld	hl, #(_trackSprites + 0x0014)
      0007D3 36 00                  850 	ld	(hl), #0x00
      0007D5 21r91r01               851 	ld	hl, #(_trackSprites + 0x0015)
      0007D8 36 FF                  852 	ld	(hl), #0xff
      0007DA 21r92r01               853 	ld	hl, #(_trackSprites + 0x0016)
      0007DD 36 FF                  854 	ld	(hl), #0xff
      0007DF 21r93r01               855 	ld	hl, #(_trackSprites + 0x0017)
      0007E2 36 00                  856 	ld	(hl), #0x00
      0007E4 21r94r01               857 	ld	hl, #(_trackSprites + 0x0018)
      0007E7 36 FF                  858 	ld	(hl), #0xff
      0007E9 21r95r01               859 	ld	hl, #(_trackSprites + 0x0019)
      0007EC 36 00                  860 	ld	(hl), #0x00
      0007EE 21r96r01               861 	ld	hl, #(_trackSprites + 0x001a)
      0007F1 36 00                  862 	ld	(hl), #0x00
      0007F3 21r97r01               863 	ld	hl, #(_trackSprites + 0x001b)
      0007F6 36 FF                  864 	ld	(hl), #0xff
      0007F8 21r98r01               865 	ld	hl, #(_trackSprites + 0x001c)
      0007FB 36 FF                  866 	ld	(hl), #0xff
      0007FD 21r99r01               867 	ld	hl, #(_trackSprites + 0x001d)
      000800 36 00                  868 	ld	(hl), #0x00
      000802 21r9Ar01               869 	ld	hl, #(_trackSprites + 0x001e)
      000805 36 FF                  870 	ld	(hl), #0xff
      000807 21r9Br01               871 	ld	hl, #(_trackSprites + 0x001f)
      00080A 36 FF                  872 	ld	(hl), #0xff
      00080C 21r9Cr01               873 	ld	hl, #(_trackSprites + 0x0020)
      00080F 36 DB                  874 	ld	(hl), #0xdb
      000811 21r9Dr01               875 	ld	hl, #(_trackSprites + 0x0021)
      000814 36 A4                  876 	ld	(hl), #0xa4
      000816 21r9Er01               877 	ld	hl, #(_trackSprites + 0x0022)
      000819 36 DC                  878 	ld	(hl), #0xdc
      00081B 21r9Fr01               879 	ld	hl, #(_trackSprites + 0x0023)
      00081E 36 A3                  880 	ld	(hl), #0xa3
      000820 21rA0r01               881 	ld	hl, #(_trackSprites + 0x0024)
      000823 36 EF                  882 	ld	(hl), #0xef
      000825 21rA1r01               883 	ld	hl, #(_trackSprites + 0x0025)
      000828 36 50                  884 	ld	(hl), #0x50
      00082A 21rA2r01               885 	ld	hl, #(_trackSprites + 0x0026)
      00082D 36 EF                  886 	ld	(hl), #0xef
      00082F 21rA3r01               887 	ld	hl, #(_trackSprites + 0x0027)
      000832 36 50                  888 	ld	(hl), #0x50
      000834 21rA4r01               889 	ld	hl, #(_trackSprites + 0x0028)
      000837 36 F3                  890 	ld	(hl), #0xf3
      000839 21rA5r01               891 	ld	hl, #(_trackSprites + 0x0029)
      00083C 36 2C                  892 	ld	(hl), #0x2c
      00083E 21rA6r01               893 	ld	hl, #(_trackSprites + 0x002a)
      000841 36 FC                  894 	ld	(hl), #0xfc
      000843 21rA7r01               895 	ld	hl, #(_trackSprites + 0x002b)
      000846 36 13                  896 	ld	(hl), #0x13
      000848 21rA8r01               897 	ld	hl, #(_trackSprites + 0x002c)
      00084B 36 FF                  898 	ld	(hl), #0xff
      00084D 21rA9r01               899 	ld	hl, #(_trackSprites + 0x002d)
      000850 36 0C                  900 	ld	(hl), #0x0c
      000852 21rAAr01               901 	ld	hl, #(_trackSprites + 0x002e)
      000855 36 FF                  902 	ld	(hl), #0xff
      000857 21rABr01               903 	ld	hl, #(_trackSprites + 0x002f)
      00085A 36 03                  904 	ld	(hl), #0x03
      00085C 21rACr01               905 	ld	hl, #(_trackSprites + 0x0030)
      00085F 36 DB                  906 	ld	(hl), #0xdb
      000861 21rADr01               907 	ld	hl, #(_trackSprites + 0x0031)
      000864 36 A5                  908 	ld	(hl), #0xa5
      000866 21rAEr01               909 	ld	hl, #(_trackSprites + 0x0032)
      000869 36 DB                  910 	ld	(hl), #0xdb
      00086B 21rAFr01               911 	ld	hl, #(_trackSprites + 0x0033)
      00086E 36 A5                  912 	ld	(hl), #0xa5
      000870 21rB0r01               913 	ld	hl, #(_trackSprites + 0x0034)
      000873 36 DB                  914 	ld	(hl), #0xdb
      000875 21rB1r01               915 	ld	hl, #(_trackSprites + 0x0035)
      000878 36 A5                  916 	ld	(hl), #0xa5
      00087A 21rB2r01               917 	ld	hl, #(_trackSprites + 0x0036)
      00087D 36 DB                  918 	ld	(hl), #0xdb
      00087F 21rB3r01               919 	ld	hl, #(_trackSprites + 0x0037)
      000882 36 A5                  920 	ld	(hl), #0xa5
      000884 21rB4r01               921 	ld	hl, #(_trackSprites + 0x0038)
      000887 36 DB                  922 	ld	(hl), #0xdb
      000889 21rB5r01               923 	ld	hl, #(_trackSprites + 0x0039)
      00088C 36 A5                  924 	ld	(hl), #0xa5
      00088E 21rB6r01               925 	ld	hl, #(_trackSprites + 0x003a)
      000891 36 DB                  926 	ld	(hl), #0xdb
      000893 21rB7r01               927 	ld	hl, #(_trackSprites + 0x003b)
      000896 36 A5                  928 	ld	(hl), #0xa5
      000898 21rB8r01               929 	ld	hl, #(_trackSprites + 0x003c)
      00089B 36 DB                  930 	ld	(hl), #0xdb
      00089D 21rB9r01               931 	ld	hl, #(_trackSprites + 0x003d)
      0008A0 36 A5                  932 	ld	(hl), #0xa5
      0008A2 21rBAr01               933 	ld	hl, #(_trackSprites + 0x003e)
      0008A5 36 DB                  934 	ld	(hl), #0xdb
      0008A7 21rBBr01               935 	ld	hl, #(_trackSprites + 0x003f)
      0008AA 36 A5                  936 	ld	(hl), #0xa5
      0008AC 21rBCr01               937 	ld	hl, #(_trackSprites + 0x0040)
      0008AF 36 FF                  938 	ld	(hl), #0xff
      0008B1 21rBDr01               939 	ld	hl, #(_trackSprites + 0x0041)
      0008B4 36 03                  940 	ld	(hl), #0x03
      0008B6 21rBEr01               941 	ld	hl, #(_trackSprites + 0x0042)
      0008B9 36 FF                  942 	ld	(hl), #0xff
      0008BB 21rBFr01               943 	ld	hl, #(_trackSprites + 0x0043)
      0008BE 36 0C                  944 	ld	(hl), #0x0c
      0008C0 21rC0r01               945 	ld	hl, #(_trackSprites + 0x0044)
      0008C3 36 FC                  946 	ld	(hl), #0xfc
      0008C5 21rC1r01               947 	ld	hl, #(_trackSprites + 0x0045)
      0008C8 36 13                  948 	ld	(hl), #0x13
      0008CA 21rC2r01               949 	ld	hl, #(_trackSprites + 0x0046)
      0008CD 36 F3                  950 	ld	(hl), #0xf3
      0008CF 21rC3r01               951 	ld	hl, #(_trackSprites + 0x0047)
      0008D2 36 2C                  952 	ld	(hl), #0x2c
      0008D4 21rC4r01               953 	ld	hl, #(_trackSprites + 0x0048)
      0008D7 36 EF                  954 	ld	(hl), #0xef
      0008D9 21rC5r01               955 	ld	hl, #(_trackSprites + 0x0049)
      0008DC 36 50                  956 	ld	(hl), #0x50
      0008DE 21rC6r01               957 	ld	hl, #(_trackSprites + 0x004a)
      0008E1 36 EF                  958 	ld	(hl), #0xef
      0008E3 21rC7r01               959 	ld	hl, #(_trackSprites + 0x004b)
      0008E6 36 50                  960 	ld	(hl), #0x50
      0008E8 21rC8r01               961 	ld	hl, #(_trackSprites + 0x004c)
      0008EB 36 DC                  962 	ld	(hl), #0xdc
      0008ED 21rC9r01               963 	ld	hl, #(_trackSprites + 0x004d)
      0008F0 36 A3                  964 	ld	(hl), #0xa3
      0008F2 21rCAr01               965 	ld	hl, #(_trackSprites + 0x004e)
      0008F5 36 DB                  966 	ld	(hl), #0xdb
      0008F7 21rCBr01               967 	ld	hl, #(_trackSprites + 0x004f)
      0008FA 36 A4                  968 	ld	(hl), #0xa4
      0008FC 21rCCr01               969 	ld	hl, #(_trackSprites + 0x0050)
      0008FF 36 FF                  970 	ld	(hl), #0xff
      000901 21rCDr01               971 	ld	hl, #(_trackSprites + 0x0051)
      000904 36 C0                  972 	ld	(hl), #0xc0
      000906 21rCEr01               973 	ld	hl, #(_trackSprites + 0x0052)
      000909 36 FF                  974 	ld	(hl), #0xff
      00090B 21rCFr01               975 	ld	hl, #(_trackSprites + 0x0053)
      00090E 36 30                  976 	ld	(hl), #0x30
      000910 21rD0r01               977 	ld	hl, #(_trackSprites + 0x0054)
      000913 36 3F                  978 	ld	(hl), #0x3f
      000915 21rD1r01               979 	ld	hl, #(_trackSprites + 0x0055)
      000918 36 C8                  980 	ld	(hl), #0xc8
      00091A 21rD2r01               981 	ld	hl, #(_trackSprites + 0x0056)
      00091D 36 CF                  982 	ld	(hl), #0xcf
      00091F 21rD3r01               983 	ld	hl, #(_trackSprites + 0x0057)
      000922 36 34                  984 	ld	(hl), #0x34
      000924 21rD4r01               985 	ld	hl, #(_trackSprites + 0x0058)
      000927 36 F7                  986 	ld	(hl), #0xf7
      000929 21rD5r01               987 	ld	hl, #(_trackSprites + 0x0059)
      00092C 36 0A                  988 	ld	(hl), #0x0a
      00092E 21rD6r01               989 	ld	hl, #(_trackSprites + 0x005a)
      000931 36 F7                  990 	ld	(hl), #0xf7
      000933 21rD7r01               991 	ld	hl, #(_trackSprites + 0x005b)
      000936 36 0A                  992 	ld	(hl), #0x0a
      000938 21rD8r01               993 	ld	hl, #(_trackSprites + 0x005c)
      00093B 36 3B                  994 	ld	(hl), #0x3b
      00093D 21rD9r01               995 	ld	hl, #(_trackSprites + 0x005d)
      000940 36 C5                  996 	ld	(hl), #0xc5
      000942 21rDAr01               997 	ld	hl, #(_trackSprites + 0x005e)
      000945 36 DB                  998 	ld	(hl), #0xdb
      000947 21rDBr01               999 	ld	hl, #(_trackSprites + 0x005f)
      00094A 36 25                 1000 	ld	(hl), #0x25
      00094C 21rDCr01              1001 	ld	hl, #(_trackSprites + 0x0060)
      00094F 36 DB                 1002 	ld	(hl), #0xdb
      000951 21rDDr01              1003 	ld	hl, #(_trackSprites + 0x0061)
      000954 36 25                 1004 	ld	(hl), #0x25
      000956 21rDEr01              1005 	ld	hl, #(_trackSprites + 0x0062)
      000959 36 3B                 1006 	ld	(hl), #0x3b
      00095B 21rDFr01              1007 	ld	hl, #(_trackSprites + 0x0063)
      00095E 36 C5                 1008 	ld	(hl), #0xc5
      000960 21rE0r01              1009 	ld	hl, #(_trackSprites + 0x0064)
      000963 36 F7                 1010 	ld	(hl), #0xf7
      000965 21rE1r01              1011 	ld	hl, #(_trackSprites + 0x0065)
      000968 36 0A                 1012 	ld	(hl), #0x0a
      00096A 21rE2r01              1013 	ld	hl, #(_trackSprites + 0x0066)
      00096D 36 F7                 1014 	ld	(hl), #0xf7
      00096F 21rE3r01              1015 	ld	hl, #(_trackSprites + 0x0067)
      000972 36 0A                 1016 	ld	(hl), #0x0a
      000974 21rE4r01              1017 	ld	hl, #(_trackSprites + 0x0068)
      000977 36 CF                 1018 	ld	(hl), #0xcf
      000979 21rE5r01              1019 	ld	hl, #(_trackSprites + 0x0069)
      00097C 36 34                 1020 	ld	(hl), #0x34
      00097E 21rE6r01              1021 	ld	hl, #(_trackSprites + 0x006a)
      000981 36 3F                 1022 	ld	(hl), #0x3f
      000983 21rE7r01              1023 	ld	hl, #(_trackSprites + 0x006b)
      000986 36 C8                 1024 	ld	(hl), #0xc8
      000988 21rE8r01              1025 	ld	hl, #(_trackSprites + 0x006c)
      00098B 36 FF                 1026 	ld	(hl), #0xff
      00098D 21rE9r01              1027 	ld	hl, #(_trackSprites + 0x006d)
      000990 36 30                 1028 	ld	(hl), #0x30
      000992 21rEAr01              1029 	ld	hl, #(_trackSprites + 0x006e)
      000995 36 FF                 1030 	ld	(hl), #0xff
      000997 21rEBr01              1031 	ld	hl, #(_trackSprites + 0x006f)
      00099A 36 C0                 1032 	ld	(hl), #0xc0
      00099C 21rECr01              1033 	ld	hl, #(_trackSprites + 0x0070)
      00099F 36 FF                 1034 	ld	(hl), #0xff
      0009A1 21rEDr01              1035 	ld	hl, #(_trackSprites + 0x0071)
      0009A4 36 00                 1036 	ld	(hl), #0x00
      0009A6 21rEEr01              1037 	ld	hl, #(_trackSprites + 0x0072)
      0009A9 36 FF                 1038 	ld	(hl), #0xff
      0009AB 21rEFr01              1039 	ld	hl, #(_trackSprites + 0x0073)
      0009AE 36 00                 1040 	ld	(hl), #0x00
      0009B0 21rF0r01              1041 	ld	hl, #(_trackSprites + 0x0074)
      0009B3 36 FF                 1042 	ld	(hl), #0xff
      0009B5 21rF1r01              1043 	ld	hl, #(_trackSprites + 0x0075)
      0009B8 36 00                 1044 	ld	(hl), #0x00
      0009BA 21rF2r01              1045 	ld	hl, #(_trackSprites + 0x0076)
      0009BD 36 FF                 1046 	ld	(hl), #0xff
      0009BF 21rF3r01              1047 	ld	hl, #(_trackSprites + 0x0077)
      0009C2 36 00                 1048 	ld	(hl), #0x00
      0009C4 21rF4r01              1049 	ld	hl, #(_trackSprites + 0x0078)
      0009C7 36 FF                 1050 	ld	(hl), #0xff
      0009C9 21rF5r01              1051 	ld	hl, #(_trackSprites + 0x0079)
      0009CC 36 00                 1052 	ld	(hl), #0x00
      0009CE 21rF6r01              1053 	ld	hl, #(_trackSprites + 0x007a)
      0009D1 36 FF                 1054 	ld	(hl), #0xff
      0009D3 21rF7r01              1055 	ld	hl, #(_trackSprites + 0x007b)
      0009D6 36 00                 1056 	ld	(hl), #0x00
      0009D8 21rF8r01              1057 	ld	hl, #(_trackSprites + 0x007c)
      0009DB 36 FF                 1058 	ld	(hl), #0xff
      0009DD 21rF9r01              1059 	ld	hl, #(_trackSprites + 0x007d)
      0009E0 36 FF                 1060 	ld	(hl), #0xff
      0009E2 21rFAr01              1061 	ld	hl, #(_trackSprites + 0x007e)
      0009E5 36 AA                 1062 	ld	(hl), #0xaa
      0009E7 21rFBr01              1063 	ld	hl, #(_trackSprites + 0x007f)
      0009EA 36 55                 1064 	ld	(hl), #0x55
      0009EC 21rFCr01              1065 	ld	hl, #(_trackSprites + 0x0080)
      0009EF 36 55                 1066 	ld	(hl), #0x55
      0009F1 21rFDr01              1067 	ld	hl, #(_trackSprites + 0x0081)
      0009F4 36 AA                 1068 	ld	(hl), #0xaa
      0009F6 21rFEr01              1069 	ld	hl, #(_trackSprites + 0x0082)
      0009F9 36 FF                 1070 	ld	(hl), #0xff
      0009FB 21rFFr01              1071 	ld	hl, #(_trackSprites + 0x0083)
      0009FE 36 FF                 1072 	ld	(hl), #0xff
      000A00 21r00r02              1073 	ld	hl, #(_trackSprites + 0x0084)
      000A03 36 FF                 1074 	ld	(hl), #0xff
      000A05 21r01r02              1075 	ld	hl, #(_trackSprites + 0x0085)
      000A08 36 00                 1076 	ld	(hl), #0x00
      000A0A 21r02r02              1077 	ld	hl, #(_trackSprites + 0x0086)
      000A0D 36 FF                 1078 	ld	(hl), #0xff
      000A0F 21r03r02              1079 	ld	hl, #(_trackSprites + 0x0087)
      000A12 36 00                 1080 	ld	(hl), #0x00
      000A14 21r04r02              1081 	ld	hl, #(_trackSprites + 0x0088)
      000A17 36 FF                 1082 	ld	(hl), #0xff
      000A19 21r05r02              1083 	ld	hl, #(_trackSprites + 0x0089)
      000A1C 36 00                 1084 	ld	(hl), #0x00
      000A1E 21r06r02              1085 	ld	hl, #(_trackSprites + 0x008a)
      000A21 36 FF                 1086 	ld	(hl), #0xff
      000A23 21r07r02              1087 	ld	hl, #(_trackSprites + 0x008b)
      000A26 36 00                 1088 	ld	(hl), #0x00
      000A28 21r08r02              1089 	ld	hl, #(_trackSprites + 0x008c)
      000A2B 36 FF                 1090 	ld	(hl), #0xff
      000A2D 21r09r02              1091 	ld	hl, #(_trackSprites + 0x008d)
      000A30 36 00                 1092 	ld	(hl), #0x00
      000A32 21r0Ar02              1093 	ld	hl, #(_trackSprites + 0x008e)
      000A35 36 FF                 1094 	ld	(hl), #0xff
      000A37 21r0Br02              1095 	ld	hl, #(_trackSprites + 0x008f)
      000A3A 36 00                 1096 	ld	(hl), #0x00
      000A3C 21r0Cr02              1097 	ld	hl, #(_trackSprites + 0x0090)
      000A3F 36 00                 1098 	ld	(hl), #0x00
      000A41 21r0Dr02              1099 	ld	hl, #(_trackSprites + 0x0091)
      000A44 36 00                 1100 	ld	(hl), #0x00
      000A46 21r0Er02              1101 	ld	hl, #(_trackSprites + 0x0092)
      000A49 36 00                 1102 	ld	(hl), #0x00
      000A4B 21r0Fr02              1103 	ld	hl, #(_trackSprites + 0x0093)
      000A4E 36 00                 1104 	ld	(hl), #0x00
      000A50 21r10r02              1105 	ld	hl, #(_trackSprites + 0x0094)
      000A53 36 00                 1106 	ld	(hl), #0x00
      000A55 21r11r02              1107 	ld	hl, #(_trackSprites + 0x0095)
      000A58 36 00                 1108 	ld	(hl), #0x00
      000A5A 21r12r02              1109 	ld	hl, #(_trackSprites + 0x0096)
      000A5D 36 00                 1110 	ld	(hl), #0x00
      000A5F 21r13r02              1111 	ld	hl, #(_trackSprites + 0x0097)
      000A62 36 00                 1112 	ld	(hl), #0x00
      000A64 21r14r02              1113 	ld	hl, #(_trackSprites + 0x0098)
      000A67 36 00                 1114 	ld	(hl), #0x00
      000A69 21r15r02              1115 	ld	hl, #(_trackSprites + 0x0099)
      000A6C 36 00                 1116 	ld	(hl), #0x00
      000A6E 21r16r02              1117 	ld	hl, #(_trackSprites + 0x009a)
      000A71 36 00                 1118 	ld	(hl), #0x00
      000A73 21r17r02              1119 	ld	hl, #(_trackSprites + 0x009b)
      000A76 36 00                 1120 	ld	(hl), #0x00
      000A78 21r18r02              1121 	ld	hl, #(_trackSprites + 0x009c)
      000A7B 36 00                 1122 	ld	(hl), #0x00
      000A7D 21r19r02              1123 	ld	hl, #(_trackSprites + 0x009d)
      000A80 36 00                 1124 	ld	(hl), #0x00
      000A82 21r1Ar02              1125 	ld	hl, #(_trackSprites + 0x009e)
      000A85 36 00                 1126 	ld	(hl), #0x00
      000A87 21r1Br02              1127 	ld	hl, #(_trackSprites + 0x009f)
      000A8A 36 00                 1128 	ld	(hl), #0x00
      000A8C 21r1Cr02              1129 	ld	hl, #(_trackSprites + 0x00a0)
      000A8F 36 FF                 1130 	ld	(hl), #0xff
      000A91 21r1Dr02              1131 	ld	hl, #(_trackSprites + 0x00a1)
      000A94 36 FF                 1132 	ld	(hl), #0xff
      000A96 21r1Er02              1133 	ld	hl, #(_trackSprites + 0x00a2)
      000A99 36 FF                 1134 	ld	(hl), #0xff
      000A9B 21r1Fr02              1135 	ld	hl, #(_trackSprites + 0x00a3)
      000A9E 36 FF                 1136 	ld	(hl), #0xff
      000AA0 21r20r02              1137 	ld	hl, #(_trackSprites + 0x00a4)
      000AA3 36 FF                 1138 	ld	(hl), #0xff
      000AA5 21r21r02              1139 	ld	hl, #(_trackSprites + 0x00a5)
      000AA8 36 FF                 1140 	ld	(hl), #0xff
      000AAA 21r22r02              1141 	ld	hl, #(_trackSprites + 0x00a6)
      000AAD 36 FF                 1142 	ld	(hl), #0xff
      000AAF 21r23r02              1143 	ld	hl, #(_trackSprites + 0x00a7)
      000AB2 36 FF                 1144 	ld	(hl), #0xff
      000AB4 21r24r02              1145 	ld	hl, #(_trackSprites + 0x00a8)
      000AB7 36 FF                 1146 	ld	(hl), #0xff
      000AB9 21r25r02              1147 	ld	hl, #(_trackSprites + 0x00a9)
      000ABC 36 FF                 1148 	ld	(hl), #0xff
      000ABE 21r26r02              1149 	ld	hl, #(_trackSprites + 0x00aa)
      000AC1 36 FF                 1150 	ld	(hl), #0xff
      000AC3 21r27r02              1151 	ld	hl, #(_trackSprites + 0x00ab)
      000AC6 36 FF                 1152 	ld	(hl), #0xff
      000AC8 21r28r02              1153 	ld	hl, #(_trackSprites + 0x00ac)
      000ACB 36 FF                 1154 	ld	(hl), #0xff
      000ACD 21r29r02              1155 	ld	hl, #(_trackSprites + 0x00ad)
      000AD0 36 FF                 1156 	ld	(hl), #0xff
      000AD2 21r2Ar02              1157 	ld	hl, #(_trackSprites + 0x00ae)
      000AD5 36 FF                 1158 	ld	(hl), #0xff
      000AD7 21r2Br02              1159 	ld	hl, #(_trackSprites + 0x00af)
      000ADA 36 FF                 1160 	ld	(hl), #0xff
      000ADC 21r2Cr02              1161 	ld	hl, #(_trackSprites + 0x00b0)
      000ADF 36 00                 1162 	ld	(hl), #0x00
      000AE1 21r2Dr02              1163 	ld	hl, #(_trackSprites + 0x00b1)
      000AE4 36 FF                 1164 	ld	(hl), #0xff
      000AE6 21r2Er02              1165 	ld	hl, #(_trackSprites + 0x00b2)
      000AE9 36 00                 1166 	ld	(hl), #0x00
      000AEB 21r2Fr02              1167 	ld	hl, #(_trackSprites + 0x00b3)
      000AEE 36 FF                 1168 	ld	(hl), #0xff
      000AF0 21r30r02              1169 	ld	hl, #(_trackSprites + 0x00b4)
      000AF3 36 00                 1170 	ld	(hl), #0x00
      000AF5 21r31r02              1171 	ld	hl, #(_trackSprites + 0x00b5)
      000AF8 36 FF                 1172 	ld	(hl), #0xff
      000AFA 21r32r02              1173 	ld	hl, #(_trackSprites + 0x00b6)
      000AFD 36 00                 1174 	ld	(hl), #0x00
      000AFF 21r33r02              1175 	ld	hl, #(_trackSprites + 0x00b7)
      000B02 36 FF                 1176 	ld	(hl), #0xff
      000B04 21r34r02              1177 	ld	hl, #(_trackSprites + 0x00b8)
      000B07 36 00                 1178 	ld	(hl), #0x00
      000B09 21r35r02              1179 	ld	hl, #(_trackSprites + 0x00b9)
      000B0C 36 FF                 1180 	ld	(hl), #0xff
      000B0E 21r36r02              1181 	ld	hl, #(_trackSprites + 0x00ba)
      000B11 36 00                 1182 	ld	(hl), #0x00
      000B13 21r37r02              1183 	ld	hl, #(_trackSprites + 0x00bb)
      000B16 36 FF                 1184 	ld	(hl), #0xff
      000B18 21r38r02              1185 	ld	hl, #(_trackSprites + 0x00bc)
      000B1B 36 00                 1186 	ld	(hl), #0x00
      000B1D 21r39r02              1187 	ld	hl, #(_trackSprites + 0x00bd)
      000B20 36 FF                 1188 	ld	(hl), #0xff
      000B22 21r3Ar02              1189 	ld	hl, #(_trackSprites + 0x00be)
      000B25 36 00                 1190 	ld	(hl), #0x00
      000B27 21r3Br02              1191 	ld	hl, #(_trackSprites + 0x00bf)
      000B2A 36 FF                 1192 	ld	(hl), #0xff
      000B2C 21r3Cr02              1193 	ld	hl, #(_trackSprites + 0x00c0)
      000B2F 36 FF                 1194 	ld	(hl), #0xff
      000B31 21r3Dr02              1195 	ld	hl, #(_trackSprites + 0x00c1)
      000B34 36 00                 1196 	ld	(hl), #0x00
      000B36 21r3Er02              1197 	ld	hl, #(_trackSprites + 0x00c2)
      000B39 36 FF                 1198 	ld	(hl), #0xff
      000B3B 21r3Fr02              1199 	ld	hl, #(_trackSprites + 0x00c3)
      000B3E 36 00                 1200 	ld	(hl), #0x00
      000B40 21r40r02              1201 	ld	hl, #(_trackSprites + 0x00c4)
      000B43 36 FF                 1202 	ld	(hl), #0xff
      000B45 21r41r02              1203 	ld	hl, #(_trackSprites + 0x00c5)
      000B48 36 00                 1204 	ld	(hl), #0x00
      000B4A 21r42r02              1205 	ld	hl, #(_trackSprites + 0x00c6)
      000B4D 36 FF                 1206 	ld	(hl), #0xff
      000B4F 21r43r02              1207 	ld	hl, #(_trackSprites + 0x00c7)
      000B52 36 00                 1208 	ld	(hl), #0x00
      000B54 21r44r02              1209 	ld	hl, #(_trackSprites + 0x00c8)
      000B57 36 FF                 1210 	ld	(hl), #0xff
      000B59 21r45r02              1211 	ld	hl, #(_trackSprites + 0x00c9)
      000B5C 36 00                 1212 	ld	(hl), #0x00
      000B5E 21r46r02              1213 	ld	hl, #(_trackSprites + 0x00ca)
      000B61 36 FF                 1214 	ld	(hl), #0xff
      000B63 21r47r02              1215 	ld	hl, #(_trackSprites + 0x00cb)
      000B66 36 00                 1216 	ld	(hl), #0x00
      000B68 21r48r02              1217 	ld	hl, #(_trackSprites + 0x00cc)
      000B6B 36 FF                 1218 	ld	(hl), #0xff
      000B6D 21r49r02              1219 	ld	hl, #(_trackSprites + 0x00cd)
      000B70 36 00                 1220 	ld	(hl), #0x00
      000B72 21r4Ar02              1221 	ld	hl, #(_trackSprites + 0x00ce)
      000B75 36 FF                 1222 	ld	(hl), #0xff
      000B77 21r4Br02              1223 	ld	hl, #(_trackSprites + 0x00cf)
      000B7A 36 00                 1224 	ld	(hl), #0x00
      000B7C 21r4Cr02              1225 	ld	hl, #(_trackSprites + 0x00d0)
      000B7F 36 00                 1226 	ld	(hl), #0x00
      000B81 21r4Dr02              1227 	ld	hl, #(_trackSprites + 0x00d1)
      000B84 36 00                 1228 	ld	(hl), #0x00
      000B86 21r4Er02              1229 	ld	hl, #(_trackSprites + 0x00d2)
      000B89 36 00                 1230 	ld	(hl), #0x00
      000B8B 21r4Fr02              1231 	ld	hl, #(_trackSprites + 0x00d3)
      000B8E 36 00                 1232 	ld	(hl), #0x00
      000B90 21r50r02              1233 	ld	hl, #(_trackSprites + 0x00d4)
      000B93 36 00                 1234 	ld	(hl), #0x00
      000B95 21r51r02              1235 	ld	hl, #(_trackSprites + 0x00d5)
      000B98 36 00                 1236 	ld	(hl), #0x00
      000B9A 21r52r02              1237 	ld	hl, #(_trackSprites + 0x00d6)
      000B9D 36 00                 1238 	ld	(hl), #0x00
      000B9F 21r53r02              1239 	ld	hl, #(_trackSprites + 0x00d7)
      000BA2 36 00                 1240 	ld	(hl), #0x00
      000BA4 21r54r02              1241 	ld	hl, #(_trackSprites + 0x00d8)
      000BA7 36 00                 1242 	ld	(hl), #0x00
      000BA9 21r55r02              1243 	ld	hl, #(_trackSprites + 0x00d9)
      000BAC 36 00                 1244 	ld	(hl), #0x00
      000BAE 21r56r02              1245 	ld	hl, #(_trackSprites + 0x00da)
      000BB1 36 00                 1246 	ld	(hl), #0x00
      000BB3 21r57r02              1247 	ld	hl, #(_trackSprites + 0x00db)
      000BB6 36 00                 1248 	ld	(hl), #0x00
      000BB8 21r58r02              1249 	ld	hl, #(_trackSprites + 0x00dc)
      000BBB 36 00                 1250 	ld	(hl), #0x00
      000BBD 21r59r02              1251 	ld	hl, #(_trackSprites + 0x00dd)
      000BC0 36 00                 1252 	ld	(hl), #0x00
      000BC2 21r5Ar02              1253 	ld	hl, #(_trackSprites + 0x00de)
      000BC5 36 00                 1254 	ld	(hl), #0x00
      000BC7 21r5Br02              1255 	ld	hl, #(_trackSprites + 0x00df)
      000BCA 36 00                 1256 	ld	(hl), #0x00
      000BCC 21r5Cr02              1257 	ld	hl, #(_trackSprites + 0x00e0)
      000BCF 36 00                 1258 	ld	(hl), #0x00
      000BD1 21r5Dr02              1259 	ld	hl, #(_trackSprites + 0x00e1)
      000BD4 36 FF                 1260 	ld	(hl), #0xff
      000BD6 21r5Er02              1261 	ld	hl, #(_trackSprites + 0x00e2)
      000BD9 36 FF                 1262 	ld	(hl), #0xff
      000BDB 21r5Fr02              1263 	ld	hl, #(_trackSprites + 0x00e3)
      000BDE 36 C3                 1264 	ld	(hl), #0xc3
      000BE0 21r60r02              1265 	ld	hl, #(_trackSprites + 0x00e4)
      000BE3 36 BD                 1266 	ld	(hl), #0xbd
      000BE5 21r61r02              1267 	ld	hl, #(_trackSprites + 0x00e5)
      000BE8 36 99                 1268 	ld	(hl), #0x99
      000BEA 21r62r02              1269 	ld	hl, #(_trackSprites + 0x00e6)
      000BED 36 3C                 1270 	ld	(hl), #0x3c
      000BEF 21r63r02              1271 	ld	hl, #(_trackSprites + 0x00e7)
      000BF2 36 18                 1272 	ld	(hl), #0x18
      000BF4 21r64r02              1273 	ld	hl, #(_trackSprites + 0x00e8)
      000BF7 36 24                 1274 	ld	(hl), #0x24
      000BF9 21r65r02              1275 	ld	hl, #(_trackSprites + 0x00e9)
      000BFC 36 18                 1276 	ld	(hl), #0x18
      000BFE 21r66r02              1277 	ld	hl, #(_trackSprites + 0x00ea)
      000C01 36 BD                 1278 	ld	(hl), #0xbd
      000C03 21r67r02              1279 	ld	hl, #(_trackSprites + 0x00eb)
      000C06 36 99                 1280 	ld	(hl), #0x99
      000C08 21r68r02              1281 	ld	hl, #(_trackSprites + 0x00ec)
      000C0B 36 FF                 1282 	ld	(hl), #0xff
      000C0D 21r69r02              1283 	ld	hl, #(_trackSprites + 0x00ed)
      000C10 36 C3                 1284 	ld	(hl), #0xc3
      000C12 21r6Ar02              1285 	ld	hl, #(_trackSprites + 0x00ee)
      000C15 36 81                 1286 	ld	(hl), #0x81
      000C17 21r6Br02              1287 	ld	hl, #(_trackSprites + 0x00ef)
      000C1A 36 FF                 1288 	ld	(hl), #0xff
                                   1289 ;--------------------------------------------------------
                                   1290 ; Home
                                   1291 ;--------------------------------------------------------
                                   1292 	.area _HOME
                                   1293 	.area _HOME
                                   1294 ;--------------------------------------------------------
                                   1295 ; code
                                   1296 ;--------------------------------------------------------
                                   1297 	.area _CODE
                           000000  1298 	G$main$0$0	= .
                                   1299 	.globl	G$main$0$0
                           000000  1300 	C$main.c$12$0_0$98	= .
                                   1301 	.globl	C$main.c$12$0_0$98
                                   1302 ;main.c:12: int main(){
                                   1303 ;	---------------------------------
                                   1304 ; Function main
                                   1305 ; ---------------------------------
      000000                       1306 _main::
                           000000  1307 	C$main.c$13$1_0$98	= .
                                   1308 	.globl	C$main.c$13$1_0$98
                                   1309 ;main.c:13: defaultSpriteStruct(sprites, 40);
      000000 3E 28                 1310 	ld	a, #0x28
      000002 F5                    1311 	push	af
      000003 33                    1312 	inc	sp
      000004 21r00r00              1313 	ld	hl, #_sprites
      000007 E5                    1314 	push	hl
      000008 CDr00r00              1315 	call	_defaultSpriteStruct
      00000B E8 03                 1316 	add	sp, #3
                           00000D  1317 	C$main.c$15$1_0$98	= .
                                   1318 	.globl	C$main.c$15$1_0$98
                                   1319 ;main.c:15: set_bkg_data(0, 15, trackSprites);
      00000D 21r7Cr01              1320 	ld	hl, #_trackSprites
      000010 E5                    1321 	push	hl
      000011 3E 0F                 1322 	ld	a, #0x0f
      000013 F5                    1323 	push	af
      000014 33                    1324 	inc	sp
      000015 AF                    1325 	xor	a, a
      000016 F5                    1326 	push	af
      000017 33                    1327 	inc	sp
      000018 CDr00r00              1328 	call	_set_bkg_data
      00001B E8 04                 1329 	add	sp, #4
                           00001D  1330 	C$main.c$16$1_0$98	= .
                                   1331 	.globl	C$main.c$16$1_0$98
                                   1332 ;main.c:16: set_bkg_tiles(0, 0, 20, 18, trackMap);
      00001D 21r00r00              1333 	ld	hl, #_trackMap
      000020 E5                    1334 	push	hl
      000021 11 14 12              1335 	ld	de, #0x1214
      000024 D5                    1336 	push	de
      000025 AF                    1337 	xor	a, a
      000026 F5                    1338 	push	af
      000027 33                    1339 	inc	sp
      000028 AF                    1340 	xor	a, a
      000029 F5                    1341 	push	af
      00002A 33                    1342 	inc	sp
      00002B CDr00r00              1343 	call	_set_bkg_tiles
      00002E E8 06                 1344 	add	sp, #6
                           000030  1345 	C$main.c$18$1_0$98	= .
                                   1346 	.globl	C$main.c$18$1_0$98
                                   1347 ;main.c:18: SHOW_BKG;
      000030 F0r00                 1348 	ldh	a, (_LCDC_REG+0)
      000032 F6 01                 1349 	or	a, #0x01
      000034 E0r00                 1350 	ldh	(_LCDC_REG+0),a
                           000036  1351 	C$main.c$19$1_0$98	= .
                                   1352 	.globl	C$main.c$19$1_0$98
                                   1353 ;main.c:19: SHOW_SPRITES;
      000036 F0r00                 1354 	ldh	a, (_LCDC_REG+0)
      000038 F6 02                 1355 	or	a, #0x02
      00003A E0r00                 1356 	ldh	(_LCDC_REG+0),a
                           00003C  1357 	C$main.c$21$1_0$98	= .
                                   1358 	.globl	C$main.c$21$1_0$98
                                   1359 ;main.c:21: while (TRUE)
      00003C                       1360 00102$:
                           00003C  1361 	C$main.c$23$2_0$99	= .
                                   1362 	.globl	C$main.c$23$2_0$99
                                   1363 ;main.c:23: tumblingBarrels();
      00003C CDr00r00              1364 	call	_tumblingBarrels
                           00003F  1365 	C$main.c$25$2_0$99	= .
                                   1366 	.globl	C$main.c$25$2_0$99
                                   1367 ;main.c:25: wait_vbl_done();
      00003F CDr00r00              1368 	call	_wait_vbl_done
                           000042  1369 	C$main.c$27$1_0$98	= .
                                   1370 	.globl	C$main.c$27$1_0$98
                                   1371 ;main.c:27: return 0;
                           000042  1372 	C$main.c$28$1_0$98	= .
                                   1373 	.globl	C$main.c$28$1_0$98
                                   1374 ;main.c:28: }
                           000042  1375 	C$main.c$28$1_0$98	= .
                                   1376 	.globl	C$main.c$28$1_0$98
                           000042  1377 	XG$main$0$0	= .
                                   1378 	.globl	XG$main$0$0
      000042 18 F8                 1379 	jr	00102$
                                   1380 	.area _CODE
                                   1381 	.area _CABS (ABS)
