ASxxxx Linker V03.00 + NoICE + sdld,  page 1.
Hexadecimal  [32-Bits]

Area                                    Addr        Size        Decimal Bytes (Attributes)
--------------------------------        ----        ----        ------- ----- ------------
.  .ABS.                            00000000    00000000 =           0. bytes (ABS,CON)

      Value  Global                              Global Defined In Module
      -----  --------------------------------   ------------------------
     00000000  .__.ABS.                           
     00000000  l__CABS                         
     00000000  l__CODE_0                       
     00000000  l__DABS                         
     00000000  l__FONT_HEADER                  
     00000000  l__HEADER                       
     00000000  l__HEADER_LCD                   
     00000000  l__HEAP                         
     00000000  l__HRAM                         
     00000000  l__LIT                          
     00000000  l__SFR                          
     00000000  s__CABS                         
     00000000  s__DABS                         
     00000000  s__FONT_HEADER                  
     00000000  s__FONT_HEADER0                 
     00000000  s__HEADER                       
     00000000  s__HEADER0                      
     00000000  s__HEADER1                      
     00000000  s__HEADER10                     
     00000000  s__HEADER2                      
     00000000  s__HEADER3                      
     00000000  s__HEADER4                      
     00000000  s__HEADER5                      
     00000000  s__HEADER6                      
     00000000  s__HEADER7                      
     00000000  s__HEADER8                      
     00000000  s__HEADER9                      
     00000000  s__HEADER_LCD                   
     00000000  s__HEADER_LCD0                  
     00000000  s__HEADERa                      
     00000000  s__HEADERb                      
     00000000  s__HEADERc                      
     00000000  s__HEADERd                      
     00000000  s__HEADERe                      
     00000000  s__HEADERf                      
     00000000  s__HRAM                         
     00000000  s__HRAM11                       
     00000000  s__SFR                          
     00000000  s__SFR0                         
     00000000  s__SFR1                         
     00000000  s__SFR10                        
     00000000  s__SFR11                        
     00000000  s__SFR12                        
     00000000  s__SFR13                        
     00000000  s__SFR14                        
     00000000  s__SFR15                        
     00000000  s__SFR16                        
     00000000  s__SFR17                        
     00000000  s__SFR18                        
     00000000  s__SFR19                        
ASxxxx Linker V03.00 + NoICE + sdld,  page 2.
Hexadecimal  [32-Bits]

Area                                    Addr        Size        Decimal Bytes (Attributes)
--------------------------------        ----        ----        ------- ----- ------------
.  .ABS.                            00000000    00000000 =           0. bytes (ABS,CON)

      Value  Global                              Global Defined In Module
      -----  --------------------------------   ------------------------
     00000000  s__SFR1a                        
     00000000  s__SFR1b                        
     00000000  s__SFR1c                        
     00000000  s__SFR1d                        
     00000000  s__SFR1e                        
     00000000  s__SFR1f                        
     00000000  s__SFR2                         
     00000000  s__SFR20                        
     00000000  s__SFR21                        
     00000000  s__SFR22                        
     00000000  s__SFR23                        
     00000000  s__SFR24                        
     00000000  s__SFR25                        
     00000000  s__SFR26                        
     00000000  s__SFR27                        
     00000000  s__SFR28                        
     00000000  s__SFR29                        
     00000000  s__SFR2a                        
     00000000  s__SFR2b                        
     00000000  s__SFR2c                        
     00000000  s__SFR2d                        
     00000000  s__SFR2e                        
     00000000  s__SFR2f                        
     00000000  s__SFR3                         
     00000000  s__SFR30                        
     00000000  s__SFR31                        
     00000000  s__SFR32                        
     00000000  s__SFR33                        
     00000000  s__SFR34                        
     00000000  s__SFR35                        
     00000000  s__SFR36                        
     00000000  s__SFR4                         
     00000000  s__SFR5                         
     00000000  s__SFR6                         
     00000000  s__SFR7                         
     00000000  s__SFR8                         
     00000000  s__SFR9                         
     00000000  s__SFRa                         
     00000000  s__SFRb                         
     00000000  s__SFRc                         
     00000000  s__SFRd                         
     00000000  s__SFRe                         
     00000000  s__SFRf                         
     00000001  l__GSFINAL                      
     00000001  l__HEADER0                      
     00000001  l__HEADER10                     
     00000001  l__HEADER8                      
     00000001  l__HEADER9                      
     00000001  l__HEADERa                      
     00000001  l__HEADERc                      
     00000001  l__HEADERd                      
ASxxxx Linker V03.00 + NoICE + sdld,  page 3.
Hexadecimal  [32-Bits]

Area                                    Addr        Size        Decimal Bytes (Attributes)
--------------------------------        ----        ----        ------- ----- ------------
.  .ABS.                            00000000    00000000 =           0. bytes (ABS,CON)

      Value  Global                              Global Defined In Module
      -----  --------------------------------   ------------------------
     00000001  l__SFR0                         
     00000001  l__SFR1                         
     00000001  l__SFR10                        
     00000001  l__SFR11                        
     00000001  l__SFR12                        
     00000001  l__SFR13                        
     00000001  l__SFR14                        
     00000001  l__SFR15                        
     00000001  l__SFR16                        
     00000001  l__SFR17                        
     00000001  l__SFR18                        
     00000001  l__SFR19                        
     00000001  l__SFR1a                        
     00000001  l__SFR1b                        
     00000001  l__SFR1c                        
     00000001  l__SFR1d                        
     00000001  l__SFR1e                        
     00000001  l__SFR1f                        
     00000001  l__SFR2                         
     00000001  l__SFR20                        
     00000001  l__SFR21                        
     00000001  l__SFR22                        
     00000001  l__SFR23                        
     00000001  l__SFR24                        
     00000001  l__SFR25                        
     00000001  l__SFR26                        
     00000001  l__SFR27                        
     00000001  l__SFR28                        
     00000001  l__SFR29                        
     00000001  l__SFR2a                        
     00000001  l__SFR2b                        
     00000001  l__SFR2c                        
     00000001  l__SFR2d                        
     00000001  l__SFR2e                        
     00000001  l__SFR2f                        
     00000001  l__SFR3                         
     00000001  l__SFR30                        
     00000001  l__SFR31                        
     00000001  l__SFR32                        
     00000001  l__SFR33                        
     00000001  l__SFR34                        
     00000001  l__SFR35                        
     00000001  l__SFR36                        
     00000001  l__SFR4                         
     00000001  l__SFR5                         
     00000001  l__SFR6                         
     00000001  l__SFR7                         
     00000001  l__SFR8                         
     00000001  l__SFR9                         
     00000001  l__SFRa                         
     00000001  l__SFRb                         
ASxxxx Linker V03.00 + NoICE + sdld,  page 4.
Hexadecimal  [32-Bits]

Area                                    Addr        Size        Decimal Bytes (Attributes)
--------------------------------        ----        ----        ------- ----- ------------
.  .ABS.                            00000000    00000000 =           0. bytes (ABS,CON)

      Value  Global                              Global Defined In Module
      -----  --------------------------------   ------------------------
     00000001  l__SFRc                         
     00000001  l__SFRd                         
     00000001  l__SFRe                         
     00000001  l__SFRf                         
     00000002  l__HEADERb                      
     00000002  l__HEADERe                      
     00000002  l__HRAM11                       
     00000003  l__FONT_HEADER0                 
     00000003  l__HEADER7                      
     00000003  l__HEADER_LCD0                  
     00000005  l__HEADER1                      
     00000006  l__HEADER6                      
     00000007  l__HEADER2                      
     00000008  l__HEADER3                      
     0000002C  l__HEADER4                      
     00000033  l__HEADER5                      
     00000045  l__BSS                          
     0000007E  l__HEADERf                      
     000000A8  l__HOME                         
     00000200  s__CODE                         
     00000685  l__DATA                         
     0000081E  l__CODE                         
     00000856  l__BASE                         
     00000A1E  s__HOME                         
     00000AC6  s__BASE                         
     00000DED  l__GSINIT                       
     0000131C  s__CODE_0                       
     0000131C  s__GSINIT                       
     0000131C  s__LIT                          
     00002109  s__GSFINAL                      
     0000C000  _shadow_OAM                     
     0000C0A0  s__DATA                         
     0000C725  s__BSS                          
     0000C76A  s__HEAP                         
     0000E000  .STACK                          
     0000FF80  .refresh_OAM                    

ASxxxx Linker V03.00 + NoICE + sdld,  page 5.
Hexadecimal  [32-Bits]

Area                                    Addr        Size        Decimal Bytes (Attributes)
--------------------------------        ----        ----        ------- ----- ------------
_CODE                               00000200    0000081E =        2078. bytes (REL,CON)

      Value  Global                              Global Defined In Module
      -----  --------------------------------   ------------------------
     00000200  A$main$1310                        main
     00000200  C$main.c$12$0_0$98                 main
     00000200  C$main.c$13$1_0$98                 main
     00000200  G$main$0$0                         main
     00000200  _main                              main
     00000202  A$main$1311                        main
     00000203  A$main$1312                        main
     00000204  A$main$1313                        main
     00000207  A$main$1314                        main
     00000208  A$main$1315                        main
     0000020B  A$main$1316                        main
     0000020D  A$main$1320                        main
     0000020D  C$main.c$15$1_0$98                 main
     00000210  A$main$1321                        main
     00000211  A$main$1322                        main
     00000213  A$main$1323                        main
     00000214  A$main$1324                        main
     00000215  A$main$1325                        main
     00000216  A$main$1326                        main
     00000217  A$main$1327                        main
     00000218  A$main$1328                        main
     0000021B  A$main$1329                        main
     0000021D  A$main$1333                        main
     0000021D  C$main.c$16$1_0$98                 main
     00000220  A$main$1334                        main
     00000221  A$main$1335                        main
     00000224  A$main$1336                        main
     00000225  A$main$1337                        main
     00000226  A$main$1338                        main
     00000227  A$main$1339                        main
     00000228  A$main$1340                        main
     00000229  A$main$1341                        main
     0000022A  A$main$1342                        main
     0000022B  A$main$1343                        main
     0000022E  A$main$1344                        main
     00000230  A$main$1348                        main
     00000230  C$main.c$18$1_0$98                 main
     00000232  A$main$1349                        main
     00000234  A$main$1350                        main
     00000236  A$main$1354                        main
     00000236  C$main.c$19$1_0$98                 main
     00000238  A$main$1355                        main
     0000023A  A$main$1356                        main
     0000023C  A$main$1364                        main
     0000023C  C$main.c$21$1_0$98                 main
     0000023C  C$main.c$23$2_0$99                 main
     0000023F  A$main$1368                        main
     0000023F  C$main.c$25$2_0$99                 main
     00000242  A$main$1379                        main
     00000242  C$main.c$27$1_0$98                 main
ASxxxx Linker V03.00 + NoICE + sdld,  page 6.
Hexadecimal  [32-Bits]

Area                                    Addr        Size        Decimal Bytes (Attributes)
--------------------------------        ----        ----        ------- ----- ------------
_CODE                               00000200    0000081E =        2078. bytes (REL,CON)

      Value  Global                              Global Defined In Module
      -----  --------------------------------   ------------------------
     00000242  C$main.c$28$1_0$98                 main
     00000242  XG$main$0$0                        main
     00000244  A$lcc82800$300                     event
     00000244  C$event.c$28$0_0$98                event
     00000244  C$event.c$30$1_0$98                event
     00000244  G$tumblingBarrels$0$0              event
     00000244  _tumblingBarrels                   event
     00000247  A$lcc82800$301                     event
     00000248  A$lcc82800$302                     event
     0000024B  A$lcc82800$306                     event
     0000024B  C$event.c$32$2_0$99                event
     0000024E  A$lcc82800$307                     event
     00000250  A$lcc82800$311                     event
     00000250  C$event.c$34$2_0$99                event
     00000253  A$lcc82800$312                     event
     00000255  A$lcc82800$316                     event
     00000255  C$event.c$36$2_0$99                event
     00000258  A$lcc82800$317                     event
     0000025A  A$lcc82800$322                     event
     0000025A  C$event.c$39$2_0$99                event
     0000025D  A$lcc82800$323                     event
     0000025E  A$lcc82800$324                     event
     00000260  A$lcc82800$325                     event
     00000262  A$lcc82800$329                     event
     00000262  C$event.c$41$3_0$100               event
     00000265  A$lcc82800$330                     event
     00000266  A$lcc82800$334                     event
     00000266  C$event.c$43$3_0$100               event
     00000267  A$lcc82800$335                     event
     00000269  A$lcc82800$336                     event
     0000026B  A$lcc82800$337                     event
     0000026D  A$lcc82800$338                     event
     0000026F  A$lcc82800$343                     event
     0000026F  C$event.c$46$2_0$99                event
     00000272  A$lcc82800$344                     event
     00000273  A$lcc82800$345                     event
     00000275  A$lcc82800$346                     event
     00000276  A$lcc82800$347                     event
     00000279  A$lcc82800$348                     event
     0000027B  A$lcc82800$352                     event
     0000027B  C$event.c$49$2_0$99                event
     0000027E  A$lcc82800$353                     event
     0000027F  A$lcc82800$354                     event
     00000281  A$lcc82800$355                     event
     00000282  A$lcc82800$356                     event
     00000284  A$lcc82800$357                     event
     00000285  A$lcc82800$358                     event
     00000288  A$lcc82800$359                     event
     0000028A  A$lcc82800$363                     event
     0000028A  C$event.c$51$2_0$99                event
     0000028D  A$lcc82800$364                     event
ASxxxx Linker V03.00 + NoICE + sdld,  page 7.
Hexadecimal  [32-Bits]

Area                                    Addr        Size        Decimal Bytes (Attributes)
--------------------------------        ----        ----        ------- ----- ------------
_CODE                               00000200    0000081E =        2078. bytes (REL,CON)

      Value  Global                              Global Defined In Module
      -----  --------------------------------   ------------------------
     0000028F  A$lcc82800$368                     event
     0000028F  C$event.c$53$2_0$99                event
     00000291  A$lcc82800$369                     event
     00000292  A$lcc82800$370                     event
     00000293  A$lcc82800$371                     event
     00000296  A$lcc82800$372                     event
     00000297  A$lcc82800$373                     event
     0000029A  A$lcc82800$374                     event
     0000029C  A$lcc82800$378                     event
     0000029C  C$event.c$55$2_0$99                event
     0000029F  A$lcc82800$379                     event
     000002A0  A$lcc82800$380                     event
     000002A1  A$lcc82800$381                     event
     000002A4  A$lcc82800$382                     event
     000002A5  A$lcc82800$383                     event
     000002A8  A$lcc82800$384                     event
     000002AA  A$lcc82800$389                     event
     000002AD  A$lcc82800$390                     event
     000002B0  A$lcc82800$391                     event
     000002B1  A$lcc82800$392                     event
     000002B3  A$lcc82800$394                     event
     000002B6  A$lcc82800$395                     event
     000002B7  A$lcc82800$396                     event
     000002BA  A$lcc82800$398                     event
     000002BB  A$lcc82800$399                     event
     000002BE  A$lcc82800$400                     event
     000002C0  A$lcc82800$401                     event
     000002C1  A$lcc82800$402                     event
     000002C2  A$lcc82800$403                     event
     000002C3  A$lcc82800$404                     event
     000002C4  A$lcc82800$405                     event
     000002C5  A$lcc82800$406                     event
     000002C6  A$lcc82800$408                     event
     000002C9  A$lcc82800$409                     event
     000002CA  A$lcc82800$411                     event
     000002CD  A$lcc82800$412                     event
     000002CE  A$lcc82800$413                     event
     000002CF  A$lcc82800$414                     event
     000002D0  A$lcc82800$415                     event
     000002D1  A$lcc82800$416                     event
     000002D2  A$lcc82800$417                     event
     000002D3  A$lcc82800$419                     event
     000002D5  A$lcc82800$420                     event
     000002D6  A$lcc82800$421                     event
     000002D8  A$lcc82800$425                     event
     000002D8  C$event.c$65$4_0$103               event
     000002DB  A$lcc82800$426                     event
     000002DC  A$lcc82800$427                     event
     000002DF  A$lcc82800$428                     event
     000002E1  A$lcc82800$432                     event
     000002E1  C$event.c$57$3_0$102               event
ASxxxx Linker V03.00 + NoICE + sdld,  page 8.
Hexadecimal  [32-Bits]

Area                                    Addr        Size        Decimal Bytes (Attributes)
--------------------------------        ----        ----        ------- ----- ------------
_CODE                               00000200    0000081E =        2078. bytes (REL,CON)

      Value  Global                              Global Defined In Module
      -----  --------------------------------   ------------------------
     000002E4  A$lcc82800$433                     event
     000002E5  A$lcc82800$434                     event
     000002E7  A$lcc82800$439                     event
     000002E7  C$event.c$68$2_0$99                event
     000002EA  A$lcc82800$440                     event
     000002EC  A$lcc82800$441                     event
     000002ED  A$lcc82800$446                     event
     000002ED  C$event.c$72$2_0$104               event
     000002F0  A$lcc82800$447                     event
     000002F1  A$lcc82800$451                     event
     000002F1  C$event.c$74$2_0$104               event
     000002F2  A$lcc82800$452                     event
     000002F4  A$lcc82800$453                     event
     000002F5  A$lcc82800$457                     event
     000002F5  C$event.c$76$3_0$105               event
     000002F7  A$lcc82800$461                     event
     000002F7  C$event.c$78$3_0$105               event
     000002FA  A$lcc82800$462                     event
     000002FB  A$lcc82800$466                     event
     000002FB  C$event.c$80$3_0$105               event
     000002FD  A$lcc82800$467                     event
     000002FE  A$lcc82800$468                     event
     00000300  A$lcc82800$469                     event
     00000302  A$lcc82800$474                     event
     00000305  A$lcc82800$475                     event
     00000308  A$lcc82800$476                     event
     00000309  A$lcc82800$477                     event
     0000030B  A$lcc82800$479                     event
     0000030E  A$lcc82800$480                     event
     0000030F  A$lcc82800$481                     event
     00000310  A$lcc82800$483                     event
     00000313  A$lcc82800$484                     event
     00000314  A$lcc82800$485                     event
     00000315  A$lcc82800$486                     event
     00000316  A$lcc82800$487                     event
     00000317  A$lcc82800$488                     event
     00000318  A$lcc82800$489                     event
     00000319  A$lcc82800$491                     event
     0000031A  A$lcc82800$492                     event
     0000031C  A$lcc82800$493                     event
     0000031D  A$lcc82800$494                     event
     0000031E  A$lcc82800$495                     event
     0000031F  A$lcc82800$497                     event
     00000322  A$lcc82800$498                     event
     00000323  A$lcc82800$499                     event
     00000326  A$lcc82800$500                     event
     00000327  A$lcc82800$501                     event
     00000328  A$lcc82800$503                     event
     00000329  A$lcc82800$504                     event
     0000032A  A$lcc82800$505                     event
     0000032B  A$lcc82800$506                     event
ASxxxx Linker V03.00 + NoICE + sdld,  page 9.
Hexadecimal  [32-Bits]

Area                                    Addr        Size        Decimal Bytes (Attributes)
--------------------------------        ----        ----        ------- ----- ------------
_CODE                               00000200    0000081E =        2078. bytes (REL,CON)

      Value  Global                              Global Defined In Module
      -----  --------------------------------   ------------------------
     0000032C  A$lcc82800$507                     event
     0000032D  A$lcc82800$508                     event
     00000330  A$lcc82800$509                     event
     00000331  A$lcc82800$510                     event
     00000332  A$lcc82800$511                     event
     00000333  A$lcc82800$512                     event
     00000334  A$lcc82800$516                     event
     00000334  C$event.c$82$4_0$107               event
     00000337  A$lcc82800$517                     event
     00000338  A$lcc82800$518                     event
     0000033A  A$lcc82800$523                     event
     0000033A  C$event.c$89$3_0$105               event
     0000033D  A$lcc82800$524                     event
     0000033F  A$lcc82800$532                     event
     0000033F  C$event.c$92$1_0$98                event
     0000033F  XG$tumblingBarrels$0$0             event
     00000340  A$lcc82801$64                      sprites
     00000340  C$sprites.c$7$0_0$93               sprites
     00000340  G$addSTU$0$0                       sprites
     00000340  _addSTU                            sprites
     00000342  A$lcc82801$68                      sprites
     00000342  C$sprites.c$11$1_0$93              sprites
     00000343  A$lcc82801$69                      sprites
     00000345  A$lcc82801$70                      sprites
     00000346  A$lcc82801$72                      sprites
     00000348  A$lcc82801$73                      sprites
     00000349  A$lcc82801$74                      sprites
     0000034B  A$lcc82801$75                      sprites
     0000034C  A$lcc82801$76                      sprites
     0000034E  A$lcc82801$80                      sprites
     0000034E  C$sprites.c$13$5_0$97              sprites
     00000350  A$lcc82801$85                      sprites
     00000352  A$lcc82801$86                      sprites
     00000353  A$lcc82801$87                      sprites
     00000354  A$lcc82801$88                      sprites
     00000355  A$lcc82801$89                      sprites
     00000356  A$lcc82801$90                      sprites
     00000357  A$lcc82801$91                      sprites
     00000358  A$lcc82801$92                      sprites
     00000359  A$lcc82801$93                      sprites
     0000035A  A$lcc82801$94                      sprites
     0000035B  A$lcc82801$99                      sprites
     0000035B  C$sprites.c$16$1_0$93              sprites
     0000035E  A$lcc82801$100                     sprites
     0000035F  A$lcc82801$101                     sprites
     00000360  A$lcc82801$102                     sprites
     00000361  A$lcc82801$103                     sprites
     00000362  A$lcc82801$104                     sprites
     00000363  A$lcc82801$105                     sprites
     00000365  A$lcc82801$106                     sprites
     00000366  A$lcc82801$107                     sprites
ASxxxx Linker V03.00 + NoICE + sdld,  page 10.
Hexadecimal  [32-Bits]

Area                                    Addr        Size        Decimal Bytes (Attributes)
--------------------------------        ----        ----        ------- ----- ------------
_CODE                               00000200    0000081E =        2078. bytes (REL,CON)

      Value  Global                              Global Defined In Module
      -----  --------------------------------   ------------------------
     00000367  A$lcc82801$108                     sprites
     00000368  A$lcc82801$109                     sprites
     0000036A  A$lcc82801$113                     sprites
     0000036A  C$sprites.c$15$1_0$93              sprites
     0000036B  A$lcc82801$114                     sprites
     0000036C  A$lcc82801$115                     sprites
     0000036D  A$lcc82801$116                     sprites
     0000036E  A$lcc82801$117                     sprites
     0000036F  A$lcc82801$118                     sprites
     00000370  A$lcc82801$119                     sprites
     00000371  A$lcc82801$120                     sprites
     00000373  A$lcc82801$121                     sprites
     00000374  A$lcc82801$122                     sprites
     00000376  A$lcc82801$123                     sprites
     00000378  A$lcc82801$124                     sprites
     00000379  A$lcc82801$125                     sprites
     0000037B  A$lcc82801$130                     sprites
     0000037B  C$sprites.c$16$5_0$97              sprites
     0000037C  A$lcc82801$131                     sprites
     0000037D  A$lcc82801$132                     sprites
     0000037F  A$lcc82801$137                     sprites
     0000037F  C$sprites.c$18$6_0$99              sprites
     00000381  A$lcc82801$138                     sprites
     00000382  A$lcc82801$139                     sprites
     00000383  A$lcc82801$140                     sprites
     00000384  A$lcc82801$141                     sprites
     00000385  A$lcc82801$142                     sprites
     00000386  A$lcc82801$143                     sprites
     00000387  A$lcc82801$144                     sprites
     00000389  A$lcc82801$148                     sprites
     00000389  C$sprites.c$20$6_0$99              sprites
     0000038B  A$lcc82801$149                     sprites
     0000038C  A$lcc82801$150                     sprites
     0000038E  A$lcc82801$151                     sprites
     0000038F  A$lcc82801$152                     sprites
     00000390  A$lcc82801$153                     sprites
     00000391  A$lcc82801$154                     sprites
     00000392  A$lcc82801$155                     sprites
     00000393  A$lcc82801$156                     sprites
     00000394  A$lcc82801$157                     sprites
     00000395  A$lcc82801$158                     sprites
     00000396  A$lcc82801$159                     sprites
     00000398  A$lcc82801$160                     sprites
     00000399  A$lcc82801$161                     sprites
     0000039A  A$lcc82801$162                     sprites
     0000039B  A$lcc82801$163                     sprites
     0000039C  A$lcc82801$164                     sprites
     0000039D  A$lcc82801$165                     sprites
     0000039E  A$lcc82801$166                     sprites
     000003A0  A$lcc82801$167                     sprites
     000003A1  A$lcc82801$168                     sprites
ASxxxx Linker V03.00 + NoICE + sdld,  page 11.
Hexadecimal  [32-Bits]

Area                                    Addr        Size        Decimal Bytes (Attributes)
--------------------------------        ----        ----        ------- ----- ------------
_CODE                               00000200    0000081E =        2078. bytes (REL,CON)

      Value  Global                              Global Defined In Module
      -----  --------------------------------   ------------------------
     000003A2  A$lcc82801$169                     sprites
     000003A3  A$lcc82801$170                     sprites
     000003A6  A$lcc82801$171                     sprites
     000003A7  A$lcc82801$172                     sprites
     000003A8  A$lcc82801$173                     sprites
     000003A9  A$lcc82801$174                     sprites
     000003AC  A$lcc82801$175                     sprites
     000003AE  A$lcc82801$179                     sprites
     000003AE  C$sprites.c$21$6_0$99              sprites
     000003AF  A$lcc82801$180                     sprites
     000003B0  A$lcc82801$181                     sprites
     000003B1  A$lcc82801$182                     sprites
     000003B2  A$lcc82801$183                     sprites
     000003B4  A$lcc82801$187                     sprites
     000003B4  C$sprites.c$23$6_0$99              sprites
     000003B7  A$lcc82801$188                     sprites
     000003B8  A$lcc82801$192                     sprites
     000003B8  C$sprites.c$25$6_0$99              sprites
     000003BA  A$lcc82801$197                     sprites
     000003BA  C$sprites.c$13$4_0$96              sprites
     000003BB  A$lcc82801$198                     sprites
     000003BC  A$lcc82801$199                     sprites
     000003BE  A$lcc82801$200                     sprites
     000003C0  A$lcc82801$205                     sprites
     000003C0  C$sprites.c$11$2_0$94              sprites
     000003C2  A$lcc82801$206                     sprites
     000003C3  A$lcc82801$207                     sprites
     000003C6  A$lcc82801$212                     sprites
     000003C6  C$sprites.c$30$1_0$93              sprites
     000003C9  A$lcc82801$213                     sprites
     000003CA  A$lcc82801$214                     sprites
     000003CC  A$lcc82801$215                     sprites
     000003CD  A$lcc82801$216                     sprites
     000003D0  A$lcc82801$217                     sprites
     000003D1  A$lcc82801$218                     sprites
     000003D4  A$lcc82801$219                     sprites
     000003D6  A$lcc82801$223                     sprites
     000003D6  C$sprites.c$32$1_0$93              sprites
     000003D8  A$lcc82801$228                     sprites
     000003DA  A$lcc82801$233                     sprites
     000003DA  C$sprites.c$33$1_0$93              sprites
     000003DA  XG$addSTU$0$0                      sprites
     000003DB  Fsprites$__str_0$0_0$0             sprites
     000003DF  A$lcc82801$248                     sprites
     000003DF  C$sprites.c$35$1_0$101             sprites
     000003DF  G$sNTLUpdate$0$0                   sprites
     000003DF  _sNTLUpdate                        sprites
     000003E1  A$lcc82801$252                     sprites
     000003E1  C$sprites.c$37$1_0$101             sprites
     000003E3  A$lcc82801$253                     sprites
     000003E4  A$lcc82801$254                     sprites
ASxxxx Linker V03.00 + NoICE + sdld,  page 12.
Hexadecimal  [32-Bits]

Area                                    Addr        Size        Decimal Bytes (Attributes)
--------------------------------        ----        ----        ------- ----- ------------
_CODE                               00000200    0000081E =        2078. bytes (REL,CON)

      Value  Global                              Global Defined In Module
      -----  --------------------------------   ------------------------
     000003E5  A$lcc82801$255                     sprites
     000003E7  A$lcc82801$256                     sprites
     000003E8  A$lcc82801$257                     sprites
     000003E9  A$lcc82801$259                     sprites
     000003EA  A$lcc82801$260                     sprites
     000003EB  A$lcc82801$261                     sprites
     000003EE  A$lcc82801$262                     sprites
     000003EF  A$lcc82801$263                     sprites
     000003F0  A$lcc82801$264                     sprites
     000003F1  A$lcc82801$265                     sprites
     000003F3  A$lcc82801$266                     sprites
     000003F4  A$lcc82801$267                     sprites
     000003F5  A$lcc82801$268                     sprites
     000003F6  A$lcc82801$269                     sprites
     000003F8  A$lcc82801$270                     sprites
     000003F9  A$lcc82801$272                     sprites
     000003FA  A$lcc82801$273                     sprites
     000003FB  A$lcc82801$274                     sprites
     000003FE  A$lcc82801$275                     sprites
     000003FF  A$lcc82801$276                     sprites
     00000400  A$lcc82801$277                     sprites
     00000401  A$lcc82801$278                     sprites
     00000402  A$lcc82801$279                     sprites
     00000403  A$lcc82801$280                     sprites
     00000405  A$lcc82801$281                     sprites
     00000408  A$lcc82801$282                     sprites
     00000409  A$lcc82801$283                     sprites
     0000040A  A$lcc82801$284                     sprites
     0000040B  A$lcc82801$285                     sprites
     0000040C  A$lcc82801$286                     sprites
     0000040D  A$lcc82801$287                     sprites
     0000040F  A$lcc82801$288                     sprites
     00000410  A$lcc82801$289                     sprites
     00000411  A$lcc82801$290                     sprites
     00000412  A$lcc82801$291                     sprites
     00000413  A$lcc82801$292                     sprites
     00000414  A$lcc82801$293                     sprites
     00000415  A$lcc82801$294                     sprites
     00000416  A$lcc82801$295                     sprites
     00000418  A$lcc82801$296                     sprites
     00000419  A$lcc82801$297                     sprites
     0000041B  A$lcc82801$298                     sprites
     0000041C  A$lcc82801$299                     sprites
     0000041D  A$lcc82801$300                     sprites
     0000041F  A$lcc82801$301                     sprites
     00000420  A$lcc82801$302                     sprites
     00000422  A$lcc82801$303                     sprites
     00000424  A$lcc82801$304                     sprites
     00000426  A$lcc82801$305                     sprites
     00000428  A$lcc82801$306                     sprites
     0000042A  A$lcc82801$307                     sprites
ASxxxx Linker V03.00 + NoICE + sdld,  page 13.
Hexadecimal  [32-Bits]

Area                                    Addr        Size        Decimal Bytes (Attributes)
--------------------------------        ----        ----        ------- ----- ------------
_CODE                               00000200    0000081E =        2078. bytes (REL,CON)

      Value  Global                              Global Defined In Module
      -----  --------------------------------   ------------------------
     0000042B  A$lcc82801$308                     sprites
     0000042D  A$lcc82801$310                     sprites
     0000042F  A$lcc82801$311                     sprites
     00000431  A$lcc82801$312                     sprites
     00000432  A$lcc82801$314                     sprites
     00000434  A$lcc82801$315                     sprites
     00000437  A$lcc82801$316                     sprites
     00000438  A$lcc82801$317                     sprites
     00000439  A$lcc82801$318                     sprites
     0000043A  A$lcc82801$319                     sprites
     0000043C  A$lcc82801$320                     sprites
     0000043D  A$lcc82801$321                     sprites
     0000043E  A$lcc82801$322                     sprites
     0000043F  A$lcc82801$323                     sprites
     00000441  A$lcc82801$324                     sprites
     00000442  A$lcc82801$326                     sprites
     00000444  A$lcc82801$327                     sprites
     00000445  A$lcc82801$328                     sprites
     00000446  A$lcc82801$329                     sprites
     00000447  A$lcc82801$330                     sprites
     00000449  A$lcc82801$331                     sprites
     0000044B  A$lcc82801$332                     sprites
     0000044D  A$lcc82801$333                     sprites
     0000044F  A$lcc82801$334                     sprites
     00000451  A$lcc82801$335                     sprites
     00000453  A$lcc82801$336                     sprites
     00000455  A$lcc82801$337                     sprites
     00000456  A$lcc82801$338                     sprites
     00000457  A$lcc82801$339                     sprites
     00000458  A$lcc82801$340                     sprites
     00000459  A$lcc82801$341                     sprites
     0000045A  A$lcc82801$342                     sprites
     0000045B  A$lcc82801$347                     sprites
     0000045B  C$sprites.c$38$1_0$101             sprites
     0000045C  A$lcc82801$348                     sprites
     0000045D  A$lcc82801$349                     sprites
     00000460  A$lcc82801$350                     sprites
     00000461  A$lcc82801$351                     sprites
     00000462  A$lcc82801$352                     sprites
     00000463  A$lcc82801$353                     sprites
     00000465  A$lcc82801$354                     sprites
     00000466  A$lcc82801$355                     sprites
     00000467  A$lcc82801$356                     sprites
     00000468  A$lcc82801$357                     sprites
     0000046A  A$lcc82801$358                     sprites
     0000046B  A$lcc82801$360                     sprites
     0000046C  A$lcc82801$361                     sprites
     0000046D  A$lcc82801$362                     sprites
     00000470  A$lcc82801$363                     sprites
     00000471  A$lcc82801$364                     sprites
     00000472  A$lcc82801$365                     sprites
ASxxxx Linker V03.00 + NoICE + sdld,  page 14.
Hexadecimal  [32-Bits]

Area                                    Addr        Size        Decimal Bytes (Attributes)
--------------------------------        ----        ----        ------- ----- ------------
_CODE                               00000200    0000081E =        2078. bytes (REL,CON)

      Value  Global                              Global Defined In Module
      -----  --------------------------------   ------------------------
     00000473  A$lcc82801$366                     sprites
     00000474  A$lcc82801$367                     sprites
     00000476  A$lcc82801$368                     sprites
     00000477  A$lcc82801$369                     sprites
     00000478  A$lcc82801$370                     sprites
     00000479  A$lcc82801$371                     sprites
     0000047A  A$lcc82801$372                     sprites
     0000047B  A$lcc82801$373                     sprites
     0000047C  A$lcc82801$374                     sprites
     0000047D  A$lcc82801$375                     sprites
     00000480  A$lcc82801$376                     sprites
     00000481  A$lcc82801$377                     sprites
     00000482  A$lcc82801$378                     sprites
     00000483  A$lcc82801$379                     sprites
     00000484  A$lcc82801$380                     sprites
     00000485  A$lcc82801$381                     sprites
     00000486  A$lcc82801$382                     sprites
     00000487  A$lcc82801$383                     sprites
     00000489  A$lcc82801$384                     sprites
     0000048A  A$lcc82801$385                     sprites
     0000048B  A$lcc82801$386                     sprites
     0000048C  A$lcc82801$387                     sprites
     0000048E  A$lcc82801$388                     sprites
     00000490  A$lcc82801$390                     sprites
     00000491  A$lcc82801$391                     sprites
     00000492  A$lcc82801$392                     sprites
     00000493  A$lcc82801$393                     sprites
     00000494  A$lcc82801$394                     sprites
     00000495  A$lcc82801$395                     sprites
     00000496  A$lcc82801$396                     sprites
     00000499  A$lcc82801$397                     sprites
     0000049A  A$lcc82801$398                     sprites
     0000049B  A$lcc82801$399                     sprites
     0000049C  A$lcc82801$400                     sprites
     0000049E  A$lcc82801$401                     sprites
     0000049F  A$lcc82801$402                     sprites
     000004A0  A$lcc82801$403                     sprites
     000004A1  A$lcc82801$404                     sprites
     000004A3  A$lcc82801$405                     sprites
     000004A4  A$lcc82801$407                     sprites
     000004A6  A$lcc82801$408                     sprites
     000004A7  A$lcc82801$409                     sprites
     000004A8  A$lcc82801$410                     sprites
     000004A9  A$lcc82801$411                     sprites
     000004AB  A$lcc82801$412                     sprites
     000004AD  A$lcc82801$413                     sprites
     000004AF  A$lcc82801$414                     sprites
     000004B1  A$lcc82801$415                     sprites
     000004B3  A$lcc82801$416                     sprites
     000004B5  A$lcc82801$417                     sprites
     000004B7  A$lcc82801$418                     sprites
ASxxxx Linker V03.00 + NoICE + sdld,  page 15.
Hexadecimal  [32-Bits]

Area                                    Addr        Size        Decimal Bytes (Attributes)
--------------------------------        ----        ----        ------- ----- ------------
_CODE                               00000200    0000081E =        2078. bytes (REL,CON)

      Value  Global                              Global Defined In Module
      -----  --------------------------------   ------------------------
     000004B8  A$lcc82801$419                     sprites
     000004B9  A$lcc82801$420                     sprites
     000004BA  A$lcc82801$421                     sprites
     000004BB  A$lcc82801$422                     sprites
     000004BC  A$lcc82801$423                     sprites
     000004BD  A$lcc82801$428                     sprites
     000004BD  C$sprites.c$40$1_0$101             sprites
     000004BE  A$lcc82801$429                     sprites
     000004BF  A$lcc82801$430                     sprites
     000004C2  A$lcc82801$431                     sprites
     000004C3  A$lcc82801$432                     sprites
     000004C4  A$lcc82801$433                     sprites
     000004C5  A$lcc82801$434                     sprites
     000004C7  A$lcc82801$435                     sprites
     000004C8  A$lcc82801$436                     sprites
     000004C9  A$lcc82801$437                     sprites
     000004CA  A$lcc82801$438                     sprites
     000004CC  A$lcc82801$439                     sprites
     000004CD  A$lcc82801$440                     sprites
     000004CF  A$lcc82801$441                     sprites
     000004D0  A$lcc82801$442                     sprites
     000004D1  A$lcc82801$443                     sprites
     000004D2  A$lcc82801$444                     sprites
     000004D3  A$lcc82801$445                     sprites
     000004D4  A$lcc82801$446                     sprites
     000004D5  A$lcc82801$447                     sprites
     000004D6  A$lcc82801$448                     sprites
     000004D7  A$lcc82801$449                     sprites
     000004D8  A$lcc82801$450                     sprites
     000004D9  A$lcc82801$451                     sprites
     000004DA  A$lcc82801$452                     sprites
     000004DB  A$lcc82801$453                     sprites
     000004DC  A$lcc82801$454                     sprites
     000004DD  A$lcc82801$455                     sprites
     000004DE  A$lcc82801$456                     sprites
     000004DF  A$lcc82801$457                     sprites
     000004E0  A$lcc82801$458                     sprites
     000004E2  A$lcc82801$459                     sprites
     000004E3  A$lcc82801$460                     sprites
     000004E4  A$lcc82801$461                     sprites
     000004E5  A$lcc82801$462                     sprites
     000004E6  A$lcc82801$463                     sprites
     000004E7  A$lcc82801$464                     sprites
     000004E8  A$lcc82801$465                     sprites
     000004E9  A$lcc82801$466                     sprites
     000004EA  A$lcc82801$467                     sprites
     000004EB  A$lcc82801$468                     sprites
     000004EC  A$lcc82801$469                     sprites
     000004ED  A$lcc82801$470                     sprites
     000004EF  A$lcc82801$471                     sprites
     000004F0  A$lcc82801$472                     sprites
ASxxxx Linker V03.00 + NoICE + sdld,  page 16.
Hexadecimal  [32-Bits]

Area                                    Addr        Size        Decimal Bytes (Attributes)
--------------------------------        ----        ----        ------- ----- ------------
_CODE                               00000200    0000081E =        2078. bytes (REL,CON)

      Value  Global                              Global Defined In Module
      -----  --------------------------------   ------------------------
     000004F1  A$lcc82801$473                     sprites
     000004F2  A$lcc82801$474                     sprites
     000004F3  A$lcc82801$475                     sprites
     000004F4  A$lcc82801$476                     sprites
     000004F5  A$lcc82801$480                     sprites
     000004F5  C$sprites.c$42$1_0$101             sprites
     000004F6  A$lcc82801$481                     sprites
     000004F7  A$lcc82801$485                     sprites
     000004F9  A$lcc82801$490                     sprites
     000004F9  C$sprites.c$43$1_0$101             sprites
     000004F9  XG$sNTLUpdate$0$0                  sprites
     000004FA  A$lcc82801$500                     sprites
     000004FA  C$sprites.c$45$1_0$104             sprites
     000004FA  G$defaultSpriteStruct$0$0          sprites
     000004FA  _defaultSpriteStruct               sprites
     000004FC  A$lcc82801$504                     sprites
     000004FE  A$lcc82801$506                     sprites
     000004FF  A$lcc82801$507                     sprites
     00000501  A$lcc82801$508                     sprites
     00000502  A$lcc82801$509                     sprites
     00000504  A$lcc82801$513                     sprites
     00000504  C$sprites.c$51$3_0$105             sprites
     00000506  A$lcc82801$514                     sprites
     00000507  A$lcc82801$515                     sprites
     00000508  A$lcc82801$516                     sprites
     00000509  A$lcc82801$517                     sprites
     0000050A  A$lcc82801$518                     sprites
     0000050B  A$lcc82801$519                     sprites
     0000050C  A$lcc82801$520                     sprites
     0000050D  A$lcc82801$521                     sprites
     0000050E  A$lcc82801$523                     sprites
     0000050F  A$lcc82801$524                     sprites
     00000510  A$lcc82801$525                     sprites
     00000511  A$lcc82801$526                     sprites
     00000513  A$lcc82801$527                     sprites
     00000514  A$lcc82801$528                     sprites
     00000515  A$lcc82801$529                     sprites
     00000516  A$lcc82801$530                     sprites
     00000517  A$lcc82801$531                     sprites
     00000518  A$lcc82801$532                     sprites
     00000519  A$lcc82801$533                     sprites
     0000051A  A$lcc82801$534                     sprites
     0000051B  A$lcc82801$538                     sprites
     0000051B  C$sprites.c$53$3_0$105             sprites
     0000051C  A$lcc82801$539                     sprites
     0000051D  A$lcc82801$540                     sprites
     0000051E  A$lcc82801$541                     sprites
     00000520  A$lcc82801$542                     sprites
     00000521  A$lcc82801$543                     sprites
     00000522  A$lcc82801$544                     sprites
     00000523  A$lcc82801$545                     sprites
ASxxxx Linker V03.00 + NoICE + sdld,  page 17.
Hexadecimal  [32-Bits]

Area                                    Addr        Size        Decimal Bytes (Attributes)
--------------------------------        ----        ----        ------- ----- ------------
_CODE                               00000200    0000081E =        2078. bytes (REL,CON)

      Value  Global                              Global Defined In Module
      -----  --------------------------------   ------------------------
     00000524  A$lcc82801$546                     sprites
     00000526  A$lcc82801$550                     sprites
     00000526  C$sprites.c$55$3_0$105             sprites
     00000527  A$lcc82801$551                     sprites
     00000528  A$lcc82801$552                     sprites
     00000529  A$lcc82801$553                     sprites
     0000052A  A$lcc82801$554                     sprites
     0000052B  A$lcc82801$555                     sprites
     0000052D  A$lcc82801$559                     sprites
     0000052D  C$sprites.c$57$3_0$105             sprites
     00000530  A$lcc82801$560                     sprites
     00000531  A$lcc82801$561                     sprites
     00000533  A$lcc82801$562                     sprites
     00000536  A$lcc82801$563                     sprites
     00000537  A$lcc82801$564                     sprites
     00000539  A$lcc82801$568                     sprites
     00000539  C$sprites.c$59$3_0$105             sprites
     0000053C  A$lcc82801$569                     sprites
     0000053D  A$lcc82801$570                     sprites
     0000053E  A$lcc82801$571                     sprites
     0000053F  A$lcc82801$572                     sprites
     00000540  A$lcc82801$576                     sprites
     00000540  C$sprites.c$60$3_0$105             sprites
     00000543  A$lcc82801$577                     sprites
     00000544  A$lcc82801$578                     sprites
     00000545  A$lcc82801$579                     sprites
     00000546  A$lcc82801$580                     sprites
     00000547  A$lcc82801$584                     sprites
     00000547  C$sprites.c$61$3_0$105             sprites
     0000054A  A$lcc82801$585                     sprites
     0000054B  A$lcc82801$586                     sprites
     0000054C  A$lcc82801$587                     sprites
     0000054D  A$lcc82801$588                     sprites
     0000054E  A$lcc82801$592                     sprites
     0000054E  C$sprites.c$49$2_0$104             sprites
     0000054F  A$lcc82801$593                     sprites
     00000551  A$lcc82801$598                     sprites
     00000553  A$lcc82801$603                     sprites
     00000553  C$sprites.c$63$2_0$104             sprites
     00000553  XG$defaultSpriteStruct$0$0         sprites
     00000554  _rand                              
     00000554  _randw                             
     0000057F  _putchar                           font.ms
     00000588  _setchar                           font.ms
     00000591  _gotoxy                            font.ms
     0000059C  _posx                              font.ms
     000005AD  _posy                              font.ms
     00000668  ___printf                          sprintf
     00000978  _utoa                              itoa
     00000987  _itoa                              itoa
     00000996  .itoa                              itoa
ASxxxx Linker V03.00 + NoICE + sdld,  page 18.
Hexadecimal  [32-Bits]

Area                                    Addr        Size        Decimal Bytes (Attributes)
--------------------------------        ----        ----        ------- ----- ------------
_CODE                               00000200    0000081E =        2078. bytes (REL,CON)

      Value  Global                              Global Defined In Module
      -----  --------------------------------   ------------------------
     000009AA  .utoa                              itoa
ASxxxx Linker V03.00 + NoICE + sdld,  page 19.
Hexadecimal  [32-Bits]

Area                                    Addr        Size        Decimal Bytes (Attributes)
--------------------------------        ----        ----        ------- ----- ------------
_HEADER0                            00000000    00000001 =           1. bytes (ABS,CON)

      Value  Global                              Global Defined In Module
      -----  --------------------------------   ------------------------
     00000020  .call_hl                           Runtime

ASxxxx Linker V03.00 + NoICE + sdld,  page 20.
Hexadecimal  [32-Bits]

Area                                    Addr        Size        Decimal Bytes (Attributes)
--------------------------------        ----        ----        ------- ----- ------------
_HEADER1                            00000000    00000005 =           5. bytes (ABS,CON)

      Value  Global                              Global Defined In Module
      -----  --------------------------------   ------------------------
     00000028  .MemsetSmall                       Runtime

ASxxxx Linker V03.00 + NoICE + sdld,  page 21.
Hexadecimal  [32-Bits]

Area                                    Addr        Size        Decimal Bytes (Attributes)
--------------------------------        ----        ----        ------- ----- ------------
_HEADER2                            00000000    00000007 =           7. bytes (ABS,CON)

      Value  Global                              Global Defined In Module
      -----  --------------------------------   ------------------------
     00000030  .MemcpySmall                       Runtime

ASxxxx Linker V03.00 + NoICE + sdld,  page 22.
Hexadecimal  [32-Bits]

Area                                    Addr        Size        Decimal Bytes (Attributes)
--------------------------------        ----        ----        ------- ----- ------------
_HEADER3                            00000000    00000008 =           8. bytes (ABS,CON)

      Value  Global                              Global Defined In Module
      -----  --------------------------------   ------------------------
ASxxxx Linker V03.00 + NoICE + sdld,  page 23.
Hexadecimal  [32-Bits]

Area                                    Addr        Size        Decimal Bytes (Attributes)
--------------------------------        ----        ----        ------- ----- ------------
_HEADER4                            00000000    0000002C =          44. bytes (ABS,CON)

      Value  Global                              Global Defined In Module
      -----  --------------------------------   ------------------------
     00000080  .int                               Runtime
     0000008F  _wait_int_handler                  Runtime

ASxxxx Linker V03.00 + NoICE + sdld,  page 24.
Hexadecimal  [32-Bits]

Area                                    Addr        Size        Decimal Bytes (Attributes)
--------------------------------        ----        ----        ------- ----- ------------
_HEADER5                            00000000    00000033 =          51. bytes (ABS,CON)

      Value  Global                              Global Defined In Module
      -----  --------------------------------   ------------------------
ASxxxx Linker V03.00 + NoICE + sdld,  page 25.
Hexadecimal  [32-Bits]

Area                                    Addr        Size        Decimal Bytes (Attributes)
--------------------------------        ----        ----        ------- ----- ------------
_HEADER6                            00000000    00000006 =           6. bytes (ABS,CON)

      Value  Global                              Global Defined In Module
      -----  --------------------------------   ------------------------
ASxxxx Linker V03.00 + NoICE + sdld,  page 26.
Hexadecimal  [32-Bits]

Area                                    Addr        Size        Decimal Bytes (Attributes)
--------------------------------        ----        ----        ------- ----- ------------
_HEADER7                            00000000    00000003 =           3. bytes (ABS,CON)

      Value  Global                              Global Defined In Module
      -----  --------------------------------   ------------------------
ASxxxx Linker V03.00 + NoICE + sdld,  page 27.
Hexadecimal  [32-Bits]

Area                                    Addr        Size        Decimal Bytes (Attributes)
--------------------------------        ----        ----        ------- ----- ------------
_HEADER8                            00000000    00000001 =           1. bytes (ABS,CON)

      Value  Global                              Global Defined In Module
      -----  --------------------------------   ------------------------
ASxxxx Linker V03.00 + NoICE + sdld,  page 28.
Hexadecimal  [32-Bits]

Area                                    Addr        Size        Decimal Bytes (Attributes)
--------------------------------        ----        ----        ------- ----- ------------
_HEADER9                            00000000    00000001 =           1. bytes (ABS,CON)

      Value  Global                              Global Defined In Module
      -----  --------------------------------   ------------------------
ASxxxx Linker V03.00 + NoICE + sdld,  page 29.
Hexadecimal  [32-Bits]

Area                                    Addr        Size        Decimal Bytes (Attributes)
--------------------------------        ----        ----        ------- ----- ------------
_HEADERa                            00000000    00000001 =           1. bytes (ABS,CON)

      Value  Global                              Global Defined In Module
      -----  --------------------------------   ------------------------
ASxxxx Linker V03.00 + NoICE + sdld,  page 30.
Hexadecimal  [32-Bits]

Area                                    Addr        Size        Decimal Bytes (Attributes)
--------------------------------        ----        ----        ------- ----- ------------
_HEADERb                            00000000    00000002 =           2. bytes (ABS,CON)

      Value  Global                              Global Defined In Module
      -----  --------------------------------   ------------------------
ASxxxx Linker V03.00 + NoICE + sdld,  page 31.
Hexadecimal  [32-Bits]

Area                                    Addr        Size        Decimal Bytes (Attributes)
--------------------------------        ----        ----        ------- ----- ------------
_HEADERc                            00000000    00000001 =           1. bytes (ABS,CON)

      Value  Global                              Global Defined In Module
      -----  --------------------------------   ------------------------
ASxxxx Linker V03.00 + NoICE + sdld,  page 32.
Hexadecimal  [32-Bits]

Area                                    Addr        Size        Decimal Bytes (Attributes)
--------------------------------        ----        ----        ------- ----- ------------
_HEADERd                            00000000    00000001 =           1. bytes (ABS,CON)

      Value  Global                              Global Defined In Module
      -----  --------------------------------   ------------------------
ASxxxx Linker V03.00 + NoICE + sdld,  page 33.
Hexadecimal  [32-Bits]

Area                                    Addr        Size        Decimal Bytes (Attributes)
--------------------------------        ----        ----        ------- ----- ------------
_HEADERe                            00000000    00000002 =           2. bytes (ABS,CON)

      Value  Global                              Global Defined In Module
      -----  --------------------------------   ------------------------
ASxxxx Linker V03.00 + NoICE + sdld,  page 34.
Hexadecimal  [32-Bits]

Area                                    Addr        Size        Decimal Bytes (Attributes)
--------------------------------        ----        ----        ------- ----- ------------
_HEADERf                            00000000    0000007E =         126. bytes (ABS,CON)

      Value  Global                              Global Defined In Module
      -----  --------------------------------   ------------------------
     00000150  .reset                             Runtime
     00000150  _reset                             Runtime
     00000153  .code_start                        Runtime
     000001B1  _exit                              Runtime
     000001B5  _enable_interrupts                 Runtime
     000001B7  _disable_interrupts                Runtime
     000001B9  _set_interrupts                    Runtime

ASxxxx Linker V03.00 + NoICE + sdld,  page 35.
Hexadecimal  [32-Bits]

Area                                    Addr        Size        Decimal Bytes (Attributes)
--------------------------------        ----        ----        ------- ----- ------------
_HEADER10                           00000000    00000001 =           1. bytes (ABS,CON)

      Value  Global                              Global Defined In Module
      -----  --------------------------------   ------------------------
ASxxxx Linker V03.00 + NoICE + sdld,  page 36.
Hexadecimal  [32-Bits]

Area                                    Addr        Size        Decimal Bytes (Attributes)
--------------------------------        ----        ----        ------- ----- ------------
_HOME                               00000A1E    000000A8 =         168. bytes (REL,CON)

      Value  Global                              Global Defined In Module
      -----  --------------------------------   ------------------------
     00000A1E  .remove_VBL                        Runtime
     00000A21  .remove_int                        Runtime
     00000A3E  .add_VBL                           Runtime
     00000A41  .add_int                           Runtime
     00000A4C  .wait_vbl_done                     Runtime
     00000A4C  _wait_vbl_done                     Runtime
     00000A5B  .display_off                       Runtime
     00000A5B  _display_off                       Runtime
     00000A72  _remove_VBL                        Runtime
     00000A7D  _add_VBL                           Runtime
     00000A88  _printf                            printf
     00000AA3  _sprintf                           sprintf
ASxxxx Linker V03.00 + NoICE + sdld,  page 37.
Hexadecimal  [32-Bits]

Area                                    Addr        Size        Decimal Bytes (Attributes)
--------------------------------        ----        ----        ------- ----- ------------
_BASE                               00000AC6    00000856 =        2134. bytes (REL,CON)

      Value  Global                              Global Defined In Module
      -----  --------------------------------   ------------------------
     00000AC6  _set_bkg_data                      
     00000AC6  _set_win_data                      
     00000ACE  _set_sprite_data                   
     00000AFE  .padup                             
     00000AFE  _waitpadup                         
     00000B0E  .jpad                              
     00000B0E  _joypad                            
     00000B36  _waitpad                           
     00000B39  .wait_pad                          
     00000B40  ___memcpy                          
     00000B40  _memcpy                            
     00000B83  .delay                             
     00000BBD  _delay                             
     00000BC6  _initrand                          
     00000BC8  .initrand                          
     00000BD1  _set_bkg_tiles                     
     00000BE5  _font_load_ibm                     font.ms
     00000BEC  font_copy_uncompressed             font.ms
     00000C22  font_copy_compressed               font.ms
     00000C71  font_load                          font.ms
     00000CB9  font_copy_current                  font.ms
     00000D01  font_set                           font.ms
     00000D0E  .put_char                          font.ms
     00000D26  .out_char                          font.ms
     00000D2C  .del_char                          font.ms
     00000D82  _font_load                         font.ms
     00000D90  _font_set                          font.ms
     00000D9F  _font_init                         font.ms
     00000DBF  .cls                               font.ms
     00000DBF  _cls                               font.ms
     00000DF1  .cr_curs                           font.ms
     00000E06  .adv_curs                          font.ms
     00000E62  .tmode                             font.ms
     00000E8B  .tmode_out                         font.ms
     00000E9B  _color                             
     00000EAA  .drawing_vbl                       
     00000EB5  .drawing_lcd                       
     00000EF1  _add_LCD                           
     00000EFC  .add_LCD                           
     00000F02  _remove_LCD                        
     00000F0D  .remove_LCD                        
     00000F13  _font_ibm                          
     000012C5  .set_xy_wtt                        
     000012CE  .set_xy_btt                        
     000012DD  .set_xy_tt                         
     0000131B  ___sdcc_call_hl                    

ASxxxx Linker V03.00 + NoICE + sdld,  page 38.
Hexadecimal  [32-Bits]

Area                                    Addr        Size        Decimal Bytes (Attributes)
--------------------------------        ----        ----        ------- ----- ------------
_GSINIT                             0000131C    00000DED =        3565. bytes (REL,CON)

      Value  Global                              Global Defined In Module
      -----  --------------------------------   ------------------------
     0000131C  A$main$46                          main
     0000131C  C$trackMB.c$25$1_0$98              main
     0000131C  gsinit                             Runtime
     0000131F  A$main$47                          main
     00001321  A$main$48                          main
     00001324  A$main$49                          main
     00001326  A$main$50                          main
     00001329  A$main$51                          main
     0000132B  A$main$52                          main
     0000132E  A$main$53                          main
     00001330  A$main$54                          main
     00001333  A$main$55                          main
     00001335  A$main$56                          main
     00001338  A$main$57                          main
     0000133A  A$main$58                          main
     0000133D  A$main$59                          main
     0000133F  A$main$60                          main
     00001342  A$main$61                          main
     00001344  A$main$62                          main
     00001347  A$main$63                          main
     00001349  A$main$64                          main
     0000134C  A$main$65                          main
     0000134E  A$main$66                          main
     00001351  A$main$67                          main
     00001353  A$main$68                          main
     00001356  A$main$69                          main
     00001358  A$main$70                          main
     0000135B  A$main$71                          main
     0000135D  A$main$72                          main
     00001360  A$main$73                          main
     00001362  A$main$74                          main
     00001365  A$main$75                          main
     00001367  A$main$76                          main
     0000136A  A$main$77                          main
     0000136C  A$main$78                          main
     0000136F  A$main$79                          main
     00001371  A$main$80                          main
     00001374  A$main$81                          main
     00001376  A$main$82                          main
     00001379  A$main$83                          main
     0000137B  A$main$84                          main
     0000137E  A$main$85                          main
     00001380  A$main$86                          main
     00001383  A$main$87                          main
     00001385  A$main$88                          main
     00001388  A$main$89                          main
     0000138A  A$main$90                          main
     0000138D  A$main$91                          main
     0000138F  A$main$92                          main
     00001392  A$main$93                          main
ASxxxx Linker V03.00 + NoICE + sdld,  page 39.
Hexadecimal  [32-Bits]

Area                                    Addr        Size        Decimal Bytes (Attributes)
--------------------------------        ----        ----        ------- ----- ------------
_GSINIT                             0000131C    00000DED =        3565. bytes (REL,CON)

      Value  Global                              Global Defined In Module
      -----  --------------------------------   ------------------------
     00001394  A$main$94                          main
     00001397  A$main$95                          main
     00001399  A$main$96                          main
     0000139C  A$main$97                          main
     0000139E  A$main$98                          main
     000013A1  A$main$99                          main
     000013A3  A$main$100                         main
     000013A6  A$main$101                         main
     000013A8  A$main$102                         main
     000013AB  A$main$103                         main
     000013AD  A$main$104                         main
     000013B0  A$main$105                         main
     000013B2  A$main$106                         main
     000013B5  A$main$107                         main
     000013B7  A$main$108                         main
     000013BA  A$main$109                         main
     000013BC  A$main$110                         main
     000013BF  A$main$111                         main
     000013C1  A$main$112                         main
     000013C4  A$main$113                         main
     000013C6  A$main$114                         main
     000013C9  A$main$115                         main
     000013CB  A$main$116                         main
     000013CE  A$main$117                         main
     000013D0  A$main$118                         main
     000013D3  A$main$119                         main
     000013D5  A$main$120                         main
     000013D8  A$main$121                         main
     000013DA  A$main$122                         main
     000013DD  A$main$123                         main
     000013DF  A$main$124                         main
     000013E2  A$main$125                         main
     000013E4  A$main$126                         main
     000013E7  A$main$127                         main
     000013E9  A$main$128                         main
     000013EC  A$main$129                         main
     000013EE  A$main$130                         main
     000013F1  A$main$131                         main
     000013F3  A$main$132                         main
     000013F6  A$main$133                         main
     000013F8  A$main$134                         main
     000013FB  A$main$135                         main
     000013FD  A$main$136                         main
     00001400  A$main$137                         main
     00001402  A$main$138                         main
     00001405  A$main$139                         main
     00001407  A$main$140                         main
     0000140A  A$main$141                         main
     0000140C  A$main$142                         main
     0000140F  A$main$143                         main
     00001411  A$main$144                         main
ASxxxx Linker V03.00 + NoICE + sdld,  page 40.
Hexadecimal  [32-Bits]

Area                                    Addr        Size        Decimal Bytes (Attributes)
--------------------------------        ----        ----        ------- ----- ------------
_GSINIT                             0000131C    00000DED =        3565. bytes (REL,CON)

      Value  Global                              Global Defined In Module
      -----  --------------------------------   ------------------------
     00001414  A$main$145                         main
     00001416  A$main$146                         main
     00001419  A$main$147                         main
     0000141B  A$main$148                         main
     0000141E  A$main$149                         main
     00001420  A$main$150                         main
     00001423  A$main$151                         main
     00001425  A$main$152                         main
     00001428  A$main$153                         main
     0000142A  A$main$154                         main
     0000142D  A$main$155                         main
     0000142F  A$main$156                         main
     00001432  A$main$157                         main
     00001434  A$main$158                         main
     00001437  A$main$159                         main
     00001439  A$main$160                         main
     0000143C  A$main$161                         main
     0000143E  A$main$162                         main
     00001441  A$main$163                         main
     00001443  A$main$164                         main
     00001446  A$main$165                         main
     00001448  A$main$166                         main
     0000144B  A$main$167                         main
     0000144D  A$main$168                         main
     00001450  A$main$169                         main
     00001452  A$main$170                         main
     00001455  A$main$171                         main
     00001457  A$main$172                         main
     0000145A  A$main$173                         main
     0000145C  A$main$174                         main
     0000145F  A$main$175                         main
     00001461  A$main$176                         main
     00001464  A$main$177                         main
     00001466  A$main$178                         main
     00001469  A$main$179                         main
     0000146B  A$main$180                         main
     0000146E  A$main$181                         main
     00001470  A$main$182                         main
     00001473  A$main$183                         main
     00001475  A$main$184                         main
     00001478  A$main$185                         main
     0000147A  A$main$186                         main
     0000147D  A$main$187                         main
     0000147F  A$main$188                         main
     00001482  A$main$189                         main
     00001484  A$main$190                         main
     00001487  A$main$191                         main
     00001489  A$main$192                         main
     0000148C  A$main$193                         main
     0000148E  A$main$194                         main
     00001491  A$main$195                         main
ASxxxx Linker V03.00 + NoICE + sdld,  page 41.
Hexadecimal  [32-Bits]

Area                                    Addr        Size        Decimal Bytes (Attributes)
--------------------------------        ----        ----        ------- ----- ------------
_GSINIT                             0000131C    00000DED =        3565. bytes (REL,CON)

      Value  Global                              Global Defined In Module
      -----  --------------------------------   ------------------------
     00001493  A$main$196                         main
     00001496  A$main$197                         main
     00001498  A$main$198                         main
     0000149B  A$main$199                         main
     0000149D  A$main$200                         main
     000014A0  A$main$201                         main
     000014A2  A$main$202                         main
     000014A5  A$main$203                         main
     000014A7  A$main$204                         main
     000014AA  A$main$205                         main
     000014AC  A$main$206                         main
     000014AF  A$main$207                         main
     000014B1  A$main$208                         main
[...]
Hexadecimal  [32-Bits]

Area                                    Addr        Size        Decimal Bytes (Attributes)
--------------------------------        ----        ----        ------- ----- ------------
_SFR17                              00000000    00000001 =           1. bytes (ABS,CON)

      Value  Global                              Global Defined In Module
      -----  --------------------------------   ------------------------
     0000FF21  _NR42_REG                          

ASxxxx Linker V03.00 + NoICE + sdld,  page 96.
Hexadecimal  [32-Bits]

Area                                    Addr        Size        Decimal Bytes (Attributes)
--------------------------------        ----        ----        ------- ----- ------------
_SFR18                              00000000    00000001 =           1. bytes (ABS,CON)

      Value  Global                              Global Defined In Module
      -----  --------------------------------   ------------------------
     0000FF22  _NR43_REG                          

ASxxxx Linker V03.00 + NoICE + sdld,  page 97.
Hexadecimal  [32-Bits]

Area                                    Addr        Size        Decimal Bytes (Attributes)
--------------------------------        ----        ----        ------- ----- ------------
_SFR19                              00000000    00000001 =           1. bytes (ABS,CON)

      Value  Global                              Global Defined In Module
      -----  --------------------------------   ------------------------
     0000FF23  _NR44_REG                          

ASxxxx Linker V03.00 + NoICE + sdld,  page 98.
Hexadecimal  [32-Bits]

Area                                    Addr        Size        Decimal Bytes (Attributes)
--------------------------------        ----        ----        ------- ----- ------------
_SFR1a                              00000000    00000001 =           1. bytes (ABS,CON)

      Value  Global                              Global Defined In Module
      -----  --------------------------------   ------------------------
     0000FF24  _NR50_REG                          

ASxxxx Linker V03.00 + NoICE + sdld,  page 99.
Hexadecimal  [32-Bits]

Area                                    Addr        Size        Decimal Bytes (Attributes)
--------------------------------        ----        ----        ------- ----- ------------
_SFR1b                              00000000    00000001 =           1. bytes (ABS,CON)

      Value  Global                              Global Defined In Module
      -----  --------------------------------   ------------------------
     0000FF25  _NR51_REG                          

ASxxxx Linker V03.00 + NoICE + sdld,  page 100.
Hexadecimal  [32-Bits]

Area                                    Addr        Size        Decimal Bytes (Attributes)
--------------------------------        ----        ----        ------- ----- ------------
_SFR1c                              00000000    00000001 =           1. bytes (ABS,CON)

      Value  Global                              Global Defined In Module
      -----  --------------------------------   ------------------------
     0000FF26  _NR52_REG                          

ASxxxx Linker V03.00 + NoICE + sdld,  page 101.
Hexadecimal  [32-Bits]

Area                                    Addr        Size        Decimal Bytes (Attributes)
--------------------------------        ----        ----        ------- ----- ------------
_SFR1d                              00000000    00000001 =           1. bytes (ABS,CON)

      Value  Global                              Global Defined In Module
      -----  --------------------------------   ------------------------
     0000FF40  _LCDC_REG                          

ASxxxx Linker V03.00 + NoICE + sdld,  page 102.
Hexadecimal  [32-Bits]

Area                                    Addr        Size        Decimal Bytes (Attributes)
--------------------------------        ----        ----        ------- ----- ------------
_SFR1e                              00000000    00000001 =           1. bytes (ABS,CON)

      Value  Global                              Global Defined In Module
      -----  --------------------------------   ------------------------
     0000FF41  _STAT_REG                          

ASxxxx Linker V03.00 + NoICE + sdld,  page 103.
Hexadecimal  [32-Bits]

Area                                    Addr        Size        Decimal Bytes (Attributes)
--------------------------------        ----        ----        ------- ----- ------------
_SFR1f                              00000000    00000001 =           1. bytes (ABS,CON)

      Value  Global                              Global Defined In Module
      -----  --------------------------------   ------------------------
     0000FF42  _SCY_REG                           

ASxxxx Linker V03.00 + NoICE + sdld,  page 104.
Hexadecimal  [32-Bits]

Area                                    Addr        Size        Decimal Bytes (Attributes)
--------------------------------        ----        ----        ------- ----- ------------
_SFR20                              00000000    00000001 =           1. bytes (ABS,CON)

      Value  Global                              Global Defined In Module
      -----  --------------------------------   ------------------------
     0000FF43  _SCX_REG                           

ASxxxx Linker V03.00 + NoICE + sdld,  page 105.
Hexadecimal  [32-Bits]

Area                                    Addr        Size        Decimal Bytes (Attributes)
--------------------------------        ----        ----        ------- ----- ------------
_SFR21                              00000000    00000001 =           1. bytes (ABS,CON)

      Value  Global                              Global Defined In Module
      -----  --------------------------------   ------------------------
     0000FF44  _LY_REG                            

ASxxxx Linker V03.00 + NoICE + sdld,  page 106.
Hexadecimal  [32-Bits]

Area                                    Addr        Size        Decimal Bytes (Attributes)
--------------------------------        ----        ----        ------- ----- ------------
_SFR22                              00000000    00000001 =           1. bytes (ABS,CON)

      Value  Global                              Global Defined In Module
      -----  --------------------------------   ------------------------
     0000FF45  _LYC_REG                           

ASxxxx Linker V03.00 + NoICE + sdld,  page 107.
Hexadecimal  [32-Bits]

Area                                    Addr        Size        Decimal Bytes (Attributes)
--------------------------------        ----        ----        ------- ----- ------------
_SFR23                              00000000    00000001 =           1. bytes (ABS,CON)

      Value  Global                              Global Defined In Module
      -----  --------------------------------   ------------------------
     0000FF46  _DMA_REG                           

ASxxxx Linker V03.00 + NoICE + sdld,  page 108.
Hexadecimal  [32-Bits]

Area                                    Addr        Size        Decimal Bytes (Attributes)
--------------------------------        ----        ----        ------- ----- ------------
_SFR24                              00000000    00000001 =           1. bytes (ABS,CON)

      Value  Global                              Global Defined In Module
      -----  --------------------------------   ------------------------
     0000FF47  _BGP_REG                           

ASxxxx Linker V03.00 + NoICE + sdld,  page 109.
Hexadecimal  [32-Bits]

Area                                    Addr        Size        Decimal Bytes (Attributes)
--------------------------------        ----        ----        ------- ----- ------------
_SFR25                              00000000    00000001 =           1. bytes (ABS,CON)

      Value  Global                              Global Defined In Module
      -----  --------------------------------   ------------------------
     0000FF48  _OBP0_REG                          

ASxxxx Linker V03.00 + NoICE + sdld,  page 110.
Hexadecimal  [32-Bits]

Area                                    Addr        Size        Decimal Bytes (Attributes)
--------------------------------        ----        ----        ------- ----- ------------
_SFR26                              00000000    00000001 =           1. bytes (ABS,CON)

      Value  Global                              Global Defined In Module
      -----  --------------------------------   ------------------------
     0000FF49  _OBP1_REG                          

ASxxxx Linker V03.00 + NoICE + sdld,  page 111.
Hexadecimal  [32-Bits]

Area                                    Addr        Size        Decimal Bytes (Attributes)
--------------------------------        ----        ----        ------- ----- ------------
_SFR27                              00000000    00000001 =           1. bytes (ABS,CON)

      Value  Global                              Global Defined In Module
      -----  --------------------------------   ------------------------
     0000FF4A  _WY_REG                            

ASxxxx Linker V03.00 + NoICE + sdld,  page 112.
Hexadecimal  [32-Bits]

Area                                    Addr        Size        Decimal Bytes (Attributes)
--------------------------------        ----        ----        ------- ----- ------------
_SFR28                              00000000    00000001 =           1. bytes (ABS,CON)

      Value  Global                              Global Defined In Module
      -----  --------------------------------   ------------------------
     0000FF4B  _WX_REG                            

ASxxxx Linker V03.00 + NoICE + sdld,  page 113.
Hexadecimal  [32-Bits]

Area                                    Addr        Size        Decimal Bytes (Attributes)
--------------------------------        ----        ----        ------- ----- ------------
_SFR29                              00000000    00000001 =           1. bytes (ABS,CON)

      Value  Global                              Global Defined In Module
      -----  --------------------------------   ------------------------
     0000FF4D  _KEY1_REG                          

ASxxxx Linker V03.00 + NoICE + sdld,  page 114.
Hexadecimal  [32-Bits]

Area                                    Addr        Size        Decimal Bytes (Attributes)
--------------------------------        ----        ----        ------- ----- ------------
_SFR2a                              00000000    00000001 =           1. bytes (ABS,CON)

      Value  Global                              Global Defined In Module
      -----  --------------------------------   ------------------------
     0000FF4F  _VBK_REG                           

ASxxxx Linker V03.00 + NoICE + sdld,  page 115.
Hexadecimal  [32-Bits]

Area                                    Addr        Size        Decimal Bytes (Attributes)
--------------------------------        ----        ----        ------- ----- ------------
_SFR2b                              00000000    00000001 =           1. bytes (ABS,CON)

      Value  Global                              Global Defined In Module
      -----  --------------------------------   ------------------------
     0000FF51  _HDMA1_REG                         

ASxxxx Linker V03.00 + NoICE + sdld,  page 116.
Hexadecimal  [32-Bits]

Area                                    Addr        Size        Decimal Bytes (Attributes)
--------------------------------        ----        ----        ------- ----- ------------
_SFR2c                              00000000    00000001 =           1. bytes (ABS,CON)

      Value  Global                              Global Defined In Module
      -----  --------------------------------   ------------------------
     0000FF52  _HDMA2_REG                         

ASxxxx Linker V03.00 + NoICE + sdld,  page 117.
Hexadecimal  [32-Bits]

Area                                    Addr        Size        Decimal Bytes (Attributes)
--------------------------------        ----        ----        ------- ----- ------------
_SFR2d                              00000000    00000001 =           1. bytes (ABS,CON)

      Value  Global                              Global Defined In Module
      -----  --------------------------------   ------------------------
     0000FF53  _HDMA3_REG                         

ASxxxx Linker V03.00 + NoICE + sdld,  page 118.
Hexadecimal  [32-Bits]

Area                                    Addr        Size        Decimal Bytes (Attributes)
--------------------------------        ----        ----        ------- ----- ------------
_SFR2e                              00000000    00000001 =           1. bytes (ABS,CON)

      Value  Global                              Global Defined In Module
      -----  --------------------------------   ------------------------
     0000FF54  _HDMA4_REG                         

ASxxxx Linker V03.00 + NoICE + sdld,  page 119.
Hexadecimal  [32-Bits]

Area                                    Addr        Size        Decimal Bytes (Attributes)
--------------------------------        ----        ----        ------- ----- ------------
_SFR2f                              00000000    00000001 =           1. bytes (ABS,CON)

      Value  Global                              Global Defined In Module
      -----  --------------------------------   ------------------------
     0000FF55  _HDMA5_REG                         

ASxxxx Linker V03.00 + NoICE + sdld,  page 120.
Hexadecimal  [32-Bits]

Area                                    Addr        Size        Decimal Bytes (Attributes)
--------------------------------        ----        ----        ------- ----- ------------
_SFR30                              00000000    00000001 =           1. bytes (ABS,CON)

      Value  Global                              Global Defined In Module
      -----  --------------------------------   ------------------------
     0000FF56  _RP_REG                            

ASxxxx Linker V03.00 + NoICE + sdld,  page 121.
Hexadecimal  [32-Bits]

Area                                    Addr        Size        Decimal Bytes (Attributes)
--------------------------------        ----        ----        ------- ----- ------------
_SFR31                              00000000    00000001 =           1. bytes (ABS,CON)

      Value  Global                              Global Defined In Module
      -----  --------------------------------   ------------------------
     0000FF68  _BCPS_REG                          

ASxxxx Linker V03.00 + NoICE + sdld,  page 122.
Hexadecimal  [32-Bits]

Area                                    Addr        Size        Decimal Bytes (Attributes)
--------------------------------        ----        ----        ------- ----- ------------
_SFR32                              00000000    00000001 =           1. bytes (ABS,CON)

      Value  Global                              Global Defined In Module
      -----  --------------------------------   ------------------------
     0000FF69  _BCPD_REG                          

ASxxxx Linker V03.00 + NoICE + sdld,  page 123.
Hexadecimal  [32-Bits]

Area                                    Addr        Size        Decimal Bytes (Attributes)
--------------------------------        ----        ----        ------- ----- ------------
_SFR33                              00000000    00000001 =           1. bytes (ABS,CON)

      Value  Global                              Global Defined In Module
      -----  --------------------------------   ------------------------
     0000FF6A  _OCPS_REG                          

ASxxxx Linker V03.00 + NoICE + sdld,  page 124.
Hexadecimal  [32-Bits]

Area                                    Addr        Size        Decimal Bytes (Attributes)
--------------------------------        ----        ----        ------- ----- ------------
_SFR34                              00000000    00000001 =           1. bytes (ABS,CON)

      Value  Global                              Global Defined In Module
      -----  --------------------------------   ------------------------
     0000FF6B  _OCPD_REG                          

ASxxxx Linker V03.00 + NoICE + sdld,  page 125.
Hexadecimal  [32-Bits]

Area                                    Addr        Size        Decimal Bytes (Attributes)
--------------------------------        ----        ----        ------- ----- ------------
_SFR35                              00000000    00000001 =           1. bytes (ABS,CON)

      Value  Global                              Global Defined In Module
      -----  --------------------------------   ------------------------
     0000FF70  _SVBK_REG                          

ASxxxx Linker V03.00 + NoICE + sdld,  page 126.
Hexadecimal  [32-Bits]

Area                                    Addr        Size        Decimal Bytes (Attributes)
--------------------------------        ----        ----        ------- ----- ------------
_SFR36                              00000000    00000001 =           1. bytes (ABS,CON)

      Value  Global                              Global Defined In Module
      -----  --------------------------------   ------------------------
     0000FFFF  _IE_REG                            

ASxxxx Linker V03.00 + NoICE + sdld,  page 127.
Hexadecimal  [32-Bits]

Area                                    Addr        Size        Decimal Bytes (Attributes)
--------------------------------        ----        ----        ------- ----- ------------
_FONT_HEADER0                       00000000    00000003 =           3. bytes (ABS,CON)

      Value  Global                              Global Defined In Module
      -----  --------------------------------   ------------------------
ASxxxx Linker V03.00 + NoICE + sdld,  page 128.
Hexadecimal  [32-Bits]

Area                                    Addr        Size        Decimal Bytes (Attributes)
--------------------------------        ----        ----        ------- ----- ------------
_HEADER_LCD0                        00000000    00000003 =           3. bytes (ABS,CON)

      Value  Global                              Global Defined In Module
      -----  --------------------------------   ------------------------
ASxxxx Linker V03.00 + NoICE + sdld,  page 129.

Files Linked                              [ module(s) ]

c:\gbdk\lib/small/asxxxx/gb/crt0.o        [ Runtime ]
main.o                                    [ main ]
C:\Users\7319a\AppData\Local\Temp/lcc82800.o
                                          [ event ]
C:\Users\7319a\AppData\Local\Temp/lcc82801.o
                                          [ sprites ]


Libraries Linked                          [ object file ]

c:\gbdk\lib/small/asxxxx/gb/gb.lib        [ set_data.o ]
c:\gbdk\lib/small/asxxxx/gb/gb.lib        [ pad.o ]
c:\gbdk\lib/small/asxxxx/gbz80/gbz80.lib  [ _memcpy.o ]
c:\gbdk\lib/small/asxxxx/gb/gb.lib        [ delay.o ]
c:\gbdk\lib/small/asxxxx/gbz80/gbz80.lib  [ printf.o ]
c:\gbdk\lib/small/asxxxx/gb/gb.lib        [ sfr.o ]
c:\gbdk\lib/small/asxxxx/gb/gb.lib        [ rand.o ]
c:\gbdk\lib/small/asxxxx/gb/gb.lib        [ set_bk_t.o ]
c:\gbdk\lib/small/asxxxx/gb/gb.lib        [ font.o ]
c:\gbdk\lib/small/asxxxx/gb/gb.lib        [ color.o ]
c:\gbdk\lib/small/asxxxx/gb/gb.lib        [ drawing_isr.o ]
c:\gbdk\lib/small/asxxxx/gb/gb.lib        [ lcd.o ]
c:\gbdk\lib/small/asxxxx/gb/gb.lib        [ f_ibm_sh.o ]
c:\gbdk\lib/small/asxxxx/gbz80/gbz80.lib  [ sprintf.o ]
c:\gbdk\lib/small/asxxxx/gb/gb.lib        [ set_xy_t.o ]
c:\gbdk\lib/small/asxxxx/gbz80/gbz80.lib  [ itoa.o ]
c:\gbdk\lib/small/asxxxx/gbz80/gbz80.lib  [ __sdcc_call_hl.o ]

ASxxxx Linker V03.00 + NoICE + sdld,  page 130.

User Base Address Definitions

_DATA=0xc0a0
_CODE=0x0200
ASxxxx Linker V03.00 + NoICE + sdld,  page 131.

User Global Definitions

_shadow_OAM=0xC000
.STACK=0xE000
.refresh_OAM=0xFF80

